
AVRASM ver. 2.1.30  C:\Users\Shahrabadi\Desktop\niri bad\riz2\riz2\Debug\List\riz.asm Sat Jan 27 21:03:52 2018

C:\Users\Shahrabadi\Desktop\niri bad\riz2\riz2\Debug\List\riz.asm(1088): warning: Register r4 already defined by the .DEF directive
C:\Users\Shahrabadi\Desktop\niri bad\riz2\riz2\Debug\List\riz.asm(1089): warning: Register r5 already defined by the .DEF directive
C:\Users\Shahrabadi\Desktop\niri bad\riz2\riz2\Debug\List\riz.asm(1090): warning: Register r6 already defined by the .DEF directive
C:\Users\Shahrabadi\Desktop\niri bad\riz2\riz2\Debug\List\riz.asm(1091): warning: Register r7 already defined by the .DEF directive
C:\Users\Shahrabadi\Desktop\niri bad\riz2\riz2\Debug\List\riz.asm(1092): warning: Register r8 already defined by the .DEF directive
C:\Users\Shahrabadi\Desktop\niri bad\riz2\riz2\Debug\List\riz.asm(1093): warning: Register r9 already defined by the .DEF directive
C:\Users\Shahrabadi\Desktop\niri bad\riz2\riz2\Debug\List\riz.asm(1094): warning: Register r10 already defined by the .DEF directive
C:\Users\Shahrabadi\Desktop\niri bad\riz2\riz2\Debug\List\riz.asm(1095): warning: Register r11 already defined by the .DEF directive
C:\Users\Shahrabadi\Desktop\niri bad\riz2\riz2\Debug\List\riz.asm(1096): warning: Register r12 already defined by the .DEF directive
C:\Users\Shahrabadi\Desktop\niri bad\riz2\riz2\Debug\List\riz.asm(1097): warning: Register r13 already defined by the .DEF directive
                 
                 
                 ;CodeVisionAVR C Compiler V3.12 Advanced
                 ;(C) Copyright 1998-2014 Pavel Haiduc, HP InfoTech s.r.l.
                 ;http://www.hpinfotech.com
                 
                 ;Build configuration    : Debug
                 ;Chip type              : ATmega16A
                 ;Program type           : Application
                 ;Clock frequency        : 1.000000 MHz
                 ;Memory model           : Small
                 ;Optimize for           : Size
                 ;(s)printf features     : int, width
                 ;(s)scanf features      : int, width
                 ;External RAM size      : 0
                 ;Data Stack size        : 256 byte(s)
                 ;Heap size              : 0 byte(s)
                 ;Promote 'char' to 'int': Yes
                 ;'char' is unsigned     : Yes
                 ;8 bit enums            : Yes
                 ;Global 'const' stored in FLASH: Yes
                 ;Enhanced function parameter passing: Yes
                 ;Enhanced core instructions: On
                 ;Automatic register allocation for global variables: On
                 ;Smart register allocation: On
                 
                 	#define _MODEL_SMALL_
                 
                 	#pragma AVRPART ADMIN PART_NAME ATmega16A
                 	#pragma AVRPART MEMORY PROG_FLASH 16384
                 	#pragma AVRPART MEMORY EEPROM 512
                 	#pragma AVRPART MEMORY INT_SRAM SIZE 1024
                 	#pragma AVRPART MEMORY INT_SRAM START_ADDR 0x60
                 
                 	#define CALL_SUPPORTED 1
                 
                 	.LISTMAC
                 	.EQU UDRE=0x5
                 	.EQU RXC=0x7
                 	.EQU USR=0xB
                 	.EQU UDR=0xC
                 	.EQU SPSR=0xE
                 	.EQU SPDR=0xF
                 	.EQU EERE=0x0
                 	.EQU EEWE=0x1
                 	.EQU EEMWE=0x2
                 	.EQU EECR=0x1C
                 	.EQU EEDR=0x1D
                 	.EQU EEARL=0x1E
                 	.EQU EEARH=0x1F
                 	.EQU WDTCR=0x21
                 	.EQU MCUCR=0x35
                 	.EQU GICR=0x3B
                 	.EQU SPL=0x3D
                 	.EQU SPH=0x3E
                 	.EQU SREG=0x3F
                 
                 	.DEF R0X0=R0
                 	.DEF R0X1=R1
                 	.DEF R0X2=R2
                 	.DEF R0X3=R3
                 	.DEF R0X4=R4
                 	.DEF R0X5=R5
                 	.DEF R0X6=R6
                 	.DEF R0X7=R7
                 	.DEF R0X8=R8
                 	.DEF R0X9=R9
                 	.DEF R0XA=R10
                 	.DEF R0XB=R11
                 	.DEF R0XC=R12
                 	.DEF R0XD=R13
                 	.DEF R0XE=R14
                 	.DEF R0XF=R15
                 	.DEF R0X10=R16
                 	.DEF R0X11=R17
                 	.DEF R0X12=R18
                 	.DEF R0X13=R19
                 	.DEF R0X14=R20
                 	.DEF R0X15=R21
                 	.DEF R0X16=R22
                 	.DEF R0X17=R23
                 	.DEF R0X18=R24
                 	.DEF R0X19=R25
                 	.DEF R0X1A=R26
                 	.DEF R0X1B=R27
                 	.DEF R0X1C=R28
                 	.DEF R0X1D=R29
                 	.DEF R0X1E=R30
                 	.DEF R0X1F=R31
                 
                 	.EQU __SRAM_START=0x0060
                 	.EQU __SRAM_END=0x045F
                 	.EQU __DSTACK_SIZE=0x0100
                 	.EQU __HEAP_SIZE=0x0000
                 	.EQU __CLEAR_SRAM_SIZE=__SRAM_END-__SRAM_START+1
                 
                 	.MACRO __CPD1N
                 	CPI  R30,LOW(@0)
                 	LDI  R26,HIGH(@0)
                 	CPC  R31,R26
                 	LDI  R26,BYTE3(@0)
                 	CPC  R22,R26
                 	LDI  R26,BYTE4(@0)
                 	CPC  R23,R26
                 	.ENDM
                 
                 	.MACRO __CPD2N
                 	CPI  R26,LOW(@0)
                 	LDI  R30,HIGH(@0)
                 	CPC  R27,R30
                 	LDI  R30,BYTE3(@0)
                 	CPC  R24,R30
                 	LDI  R30,BYTE4(@0)
                 	CPC  R25,R30
                 	.ENDM
                 
                 	.MACRO __CPWRR
                 	CP   R@0,R@2
                 	CPC  R@1,R@3
                 	.ENDM
                 
                 	.MACRO __CPWRN
                 	CPI  R@0,LOW(@2)
                 	LDI  R30,HIGH(@2)
                 	CPC  R@1,R30
                 	.ENDM
                 
                 	.MACRO __ADDB1MN
                 	SUBI R30,LOW(-@0-(@1))
                 	.ENDM
                 
                 	.MACRO __ADDB2MN
                 	SUBI R26,LOW(-@0-(@1))
                 	.ENDM
                 
                 	.MACRO __ADDW1MN
                 	SUBI R30,LOW(-@0-(@1))
                 	SBCI R31,HIGH(-@0-(@1))
                 	.ENDM
                 
                 	.MACRO __ADDW2MN
                 	SUBI R26,LOW(-@0-(@1))
                 	SBCI R27,HIGH(-@0-(@1))
                 	.ENDM
                 
                 	.MACRO __ADDW1FN
                 	SUBI R30,LOW(-2*@0-(@1))
                 	SBCI R31,HIGH(-2*@0-(@1))
                 	.ENDM
                 
                 	.MACRO __ADDD1FN
                 	SUBI R30,LOW(-2*@0-(@1))
                 	SBCI R31,HIGH(-2*@0-(@1))
                 	SBCI R22,BYTE3(-2*@0-(@1))
                 	.ENDM
                 
                 	.MACRO __ADDD1N
                 	SUBI R30,LOW(-@0)
                 	SBCI R31,HIGH(-@0)
                 	SBCI R22,BYTE3(-@0)
                 	SBCI R23,BYTE4(-@0)
                 	.ENDM
                 
                 	.MACRO __ADDD2N
                 	SUBI R26,LOW(-@0)
                 	SBCI R27,HIGH(-@0)
                 	SBCI R24,BYTE3(-@0)
                 	SBCI R25,BYTE4(-@0)
                 	.ENDM
                 
                 	.MACRO __SUBD1N
                 	SUBI R30,LOW(@0)
                 	SBCI R31,HIGH(@0)
                 	SBCI R22,BYTE3(@0)
                 	SBCI R23,BYTE4(@0)
                 	.ENDM
                 
                 	.MACRO __SUBD2N
                 	SUBI R26,LOW(@0)
                 	SBCI R27,HIGH(@0)
                 	SBCI R24,BYTE3(@0)
                 	SBCI R25,BYTE4(@0)
                 	.ENDM
                 
                 	.MACRO __ANDBMNN
                 	LDS  R30,@0+(@1)
                 	ANDI R30,LOW(@2)
                 	STS  @0+(@1),R30
                 	.ENDM
                 
                 	.MACRO __ANDWMNN
                 	LDS  R30,@0+(@1)
                 	ANDI R30,LOW(@2)
                 	STS  @0+(@1),R30
                 	LDS  R30,@0+(@1)+1
                 	ANDI R30,HIGH(@2)
                 	STS  @0+(@1)+1,R30
                 	.ENDM
                 
                 	.MACRO __ANDD1N
                 	ANDI R30,LOW(@0)
                 	ANDI R31,HIGH(@0)
                 	ANDI R22,BYTE3(@0)
                 	ANDI R23,BYTE4(@0)
                 	.ENDM
                 
                 	.MACRO __ANDD2N
                 	ANDI R26,LOW(@0)
                 	ANDI R27,HIGH(@0)
                 	ANDI R24,BYTE3(@0)
                 	ANDI R25,BYTE4(@0)
                 	.ENDM
                 
                 	.MACRO __ORBMNN
                 	LDS  R30,@0+(@1)
                 	ORI  R30,LOW(@2)
                 	STS  @0+(@1),R30
                 	.ENDM
                 
                 	.MACRO __ORWMNN
                 	LDS  R30,@0+(@1)
                 	ORI  R30,LOW(@2)
                 	STS  @0+(@1),R30
                 	LDS  R30,@0+(@1)+1
                 	ORI  R30,HIGH(@2)
                 	STS  @0+(@1)+1,R30
                 	.ENDM
                 
                 	.MACRO __ORD1N
                 	ORI  R30,LOW(@0)
                 	ORI  R31,HIGH(@0)
                 	ORI  R22,BYTE3(@0)
                 	ORI  R23,BYTE4(@0)
                 	.ENDM
                 
                 	.MACRO __ORD2N
                 	ORI  R26,LOW(@0)
                 	ORI  R27,HIGH(@0)
                 	ORI  R24,BYTE3(@0)
                 	ORI  R25,BYTE4(@0)
                 	.ENDM
                 
                 	.MACRO __DELAY_USB
                 	LDI  R24,LOW(@0)
                 __DELAY_USB_LOOP:
                 	DEC  R24
                 	BRNE __DELAY_USB_LOOP
                 	.ENDM
                 
                 	.MACRO __DELAY_USW
                 	LDI  R24,LOW(@0)
                 	LDI  R25,HIGH(@0)
                 __DELAY_USW_LOOP:
                 	SBIW R24,1
                 	BRNE __DELAY_USW_LOOP
                 	.ENDM
                 
                 	.MACRO __GETD1S
                 	LDD  R30,Y+@0
                 	LDD  R31,Y+@0+1
                 	LDD  R22,Y+@0+2
                 	LDD  R23,Y+@0+3
                 	.ENDM
                 
                 	.MACRO __GETD2S
                 	LDD  R26,Y+@0
                 	LDD  R27,Y+@0+1
                 	LDD  R24,Y+@0+2
                 	LDD  R25,Y+@0+3
                 	.ENDM
                 
                 	.MACRO __PUTD1S
                 	STD  Y+@0,R30
                 	STD  Y+@0+1,R31
                 	STD  Y+@0+2,R22
                 	STD  Y+@0+3,R23
                 	.ENDM
                 
                 	.MACRO __PUTD2S
                 	STD  Y+@0,R26
                 	STD  Y+@0+1,R27
                 	STD  Y+@0+2,R24
                 	STD  Y+@0+3,R25
                 	.ENDM
                 
                 	.MACRO __PUTDZ2
                 	STD  Z+@0,R26
                 	STD  Z+@0+1,R27
                 	STD  Z+@0+2,R24
                 	STD  Z+@0+3,R25
                 	.ENDM
                 
                 	.MACRO __CLRD1S
                 	STD  Y+@0,R30
                 	STD  Y+@0+1,R30
                 	STD  Y+@0+2,R30
                 	STD  Y+@0+3,R30
                 	.ENDM
                 
                 	.MACRO __POINTB1MN
                 	LDI  R30,LOW(@0+(@1))
                 	.ENDM
                 
                 	.MACRO __POINTW1MN
                 	LDI  R30,LOW(@0+(@1))
                 	LDI  R31,HIGH(@0+(@1))
                 	.ENDM
                 
                 	.MACRO __POINTD1M
                 	LDI  R30,LOW(@0)
                 	LDI  R31,HIGH(@0)
                 	LDI  R22,BYTE3(@0)
                 	LDI  R23,BYTE4(@0)
                 	.ENDM
                 
                 	.MACRO __POINTW1FN
                 	LDI  R30,LOW(2*@0+(@1))
                 	LDI  R31,HIGH(2*@0+(@1))
                 	.ENDM
                 
                 	.MACRO __POINTD1FN
                 	LDI  R30,LOW(2*@0+(@1))
                 	LDI  R31,HIGH(2*@0+(@1))
                 	LDI  R22,BYTE3(2*@0+(@1))
                 	LDI  R23,BYTE4(2*@0+(@1))
                 	.ENDM
                 
                 	.MACRO __POINTB2MN
                 	LDI  R26,LOW(@0+(@1))
                 	.ENDM
                 
                 	.MACRO __POINTW2MN
                 	LDI  R26,LOW(@0+(@1))
                 	LDI  R27,HIGH(@0+(@1))
                 	.ENDM
                 
                 	.MACRO __POINTW2FN
                 	LDI  R26,LOW(2*@0+(@1))
                 	LDI  R27,HIGH(2*@0+(@1))
                 	.ENDM
                 
                 	.MACRO __POINTD2FN
                 	LDI  R26,LOW(2*@0+(@1))
                 	LDI  R27,HIGH(2*@0+(@1))
                 	LDI  R24,BYTE3(2*@0+(@1))
                 	LDI  R25,BYTE4(2*@0+(@1))
                 	.ENDM
                 
                 	.MACRO __POINTBRM
                 	LDI  R@0,LOW(@1)
                 	.ENDM
                 
                 	.MACRO __POINTWRM
                 	LDI  R@0,LOW(@2)
                 	LDI  R@1,HIGH(@2)
                 	.ENDM
                 
                 	.MACRO __POINTBRMN
                 	LDI  R@0,LOW(@1+(@2))
                 	.ENDM
                 
                 	.MACRO __POINTWRMN
                 	LDI  R@0,LOW(@2+(@3))
                 	LDI  R@1,HIGH(@2+(@3))
                 	.ENDM
                 
                 	.MACRO __POINTWRFN
                 	LDI  R@0,LOW(@2*2+(@3))
                 	LDI  R@1,HIGH(@2*2+(@3))
                 	.ENDM
                 
                 	.MACRO __GETD1N
                 	LDI  R30,LOW(@0)
                 	LDI  R31,HIGH(@0)
                 	LDI  R22,BYTE3(@0)
                 	LDI  R23,BYTE4(@0)
                 	.ENDM
                 
                 	.MACRO __GETD2N
                 	LDI  R26,LOW(@0)
                 	LDI  R27,HIGH(@0)
                 	LDI  R24,BYTE3(@0)
                 	LDI  R25,BYTE4(@0)
                 	.ENDM
                 
                 	.MACRO __GETB1MN
                 	LDS  R30,@0+(@1)
                 	.ENDM
                 
                 	.MACRO __GETB1HMN
                 	LDS  R31,@0+(@1)
                 	.ENDM
                 
                 	.MACRO __GETW1MN
                 	LDS  R30,@0+(@1)
                 	LDS  R31,@0+(@1)+1
                 	.ENDM
                 
                 	.MACRO __GETD1MN
                 	LDS  R30,@0+(@1)
                 	LDS  R31,@0+(@1)+1
                 	LDS  R22,@0+(@1)+2
                 	LDS  R23,@0+(@1)+3
                 	.ENDM
                 
                 	.MACRO __GETBRMN
                 	LDS  R@0,@1+(@2)
                 	.ENDM
                 
                 	.MACRO __GETWRMN
                 	LDS  R@0,@2+(@3)
                 	LDS  R@1,@2+(@3)+1
                 	.ENDM
                 
                 	.MACRO __GETWRZ
                 	LDD  R@0,Z+@2
                 	LDD  R@1,Z+@2+1
                 	.ENDM
                 
                 	.MACRO __GETD2Z
                 	LDD  R26,Z+@0
                 	LDD  R27,Z+@0+1
                 	LDD  R24,Z+@0+2
                 	LDD  R25,Z+@0+3
                 	.ENDM
                 
                 	.MACRO __GETB2MN
                 	LDS  R26,@0+(@1)
                 	.ENDM
                 
                 	.MACRO __GETW2MN
                 	LDS  R26,@0+(@1)
                 	LDS  R27,@0+(@1)+1
                 	.ENDM
                 
                 	.MACRO __GETD2MN
                 	LDS  R26,@0+(@1)
                 	LDS  R27,@0+(@1)+1
                 	LDS  R24,@0+(@1)+2
                 	LDS  R25,@0+(@1)+3
                 	.ENDM
                 
                 	.MACRO __PUTB1MN
                 	STS  @0+(@1),R30
                 	.ENDM
                 
                 	.MACRO __PUTW1MN
                 	STS  @0+(@1),R30
                 	STS  @0+(@1)+1,R31
                 	.ENDM
                 
                 	.MACRO __PUTD1MN
                 	STS  @0+(@1),R30
                 	STS  @0+(@1)+1,R31
                 	STS  @0+(@1)+2,R22
                 	STS  @0+(@1)+3,R23
                 	.ENDM
                 
                 	.MACRO __PUTB1EN
                 	LDI  R26,LOW(@0+(@1))
                 	LDI  R27,HIGH(@0+(@1))
                 	CALL __EEPROMWRB
                 	.ENDM
                 
                 	.MACRO __PUTW1EN
                 	LDI  R26,LOW(@0+(@1))
                 	LDI  R27,HIGH(@0+(@1))
                 	CALL __EEPROMWRW
                 	.ENDM
                 
                 	.MACRO __PUTD1EN
                 	LDI  R26,LOW(@0+(@1))
                 	LDI  R27,HIGH(@0+(@1))
                 	CALL __EEPROMWRD
                 	.ENDM
                 
                 	.MACRO __PUTBR0MN
                 	STS  @0+(@1),R0
                 	.ENDM
                 
                 	.MACRO __PUTBMRN
                 	STS  @0+(@1),R@2
                 	.ENDM
                 
                 	.MACRO __PUTWMRN
                 	STS  @0+(@1),R@2
                 	STS  @0+(@1)+1,R@3
                 	.ENDM
                 
                 	.MACRO __PUTBZR
                 	STD  Z+@1,R@0
                 	.ENDM
                 
                 	.MACRO __PUTWZR
                 	STD  Z+@2,R@0
                 	STD  Z+@2+1,R@1
                 	.ENDM
                 
                 	.MACRO __GETW1R
                 	MOV  R30,R@0
                 	MOV  R31,R@1
                 	.ENDM
                 
                 	.MACRO __GETW2R
                 	MOV  R26,R@0
                 	MOV  R27,R@1
                 	.ENDM
                 
                 	.MACRO __GETWRN
                 	LDI  R@0,LOW(@2)
                 	LDI  R@1,HIGH(@2)
                 	.ENDM
                 
                 	.MACRO __PUTW1R
                 	MOV  R@0,R30
                 	MOV  R@1,R31
                 	.ENDM
                 
                 	.MACRO __PUTW2R
                 	MOV  R@0,R26
                 	MOV  R@1,R27
                 	.ENDM
                 
                 	.MACRO __ADDWRN
                 	SUBI R@0,LOW(-@2)
                 	SBCI R@1,HIGH(-@2)
                 	.ENDM
                 
                 	.MACRO __ADDWRR
                 	ADD  R@0,R@2
                 	ADC  R@1,R@3
                 	.ENDM
                 
                 	.MACRO __SUBWRN
                 	SUBI R@0,LOW(@2)
                 	SBCI R@1,HIGH(@2)
                 	.ENDM
                 
                 	.MACRO __SUBWRR
                 	SUB  R@0,R@2
                 	SBC  R@1,R@3
                 	.ENDM
                 
                 	.MACRO __ANDWRN
                 	ANDI R@0,LOW(@2)
                 	ANDI R@1,HIGH(@2)
                 	.ENDM
                 
                 	.MACRO __ANDWRR
                 	AND  R@0,R@2
                 	AND  R@1,R@3
                 	.ENDM
                 
                 	.MACRO __ORWRN
                 	ORI  R@0,LOW(@2)
                 	ORI  R@1,HIGH(@2)
                 	.ENDM
                 
                 	.MACRO __ORWRR
                 	OR   R@0,R@2
                 	OR   R@1,R@3
                 	.ENDM
                 
                 	.MACRO __EORWRR
                 	EOR  R@0,R@2
                 	EOR  R@1,R@3
                 	.ENDM
                 
                 	.MACRO __GETWRS
                 	LDD  R@0,Y+@2
                 	LDD  R@1,Y+@2+1
                 	.ENDM
                 
                 	.MACRO __PUTBSR
                 	STD  Y+@1,R@0
                 	.ENDM
                 
                 	.MACRO __PUTWSR
                 	STD  Y+@2,R@0
                 	STD  Y+@2+1,R@1
                 	.ENDM
                 
                 	.MACRO __MOVEWRR
                 	MOV  R@0,R@2
                 	MOV  R@1,R@3
                 	.ENDM
                 
                 	.MACRO __INWR
                 	IN   R@0,@2
                 	IN   R@1,@2+1
                 	.ENDM
                 
                 	.MACRO __OUTWR
                 	OUT  @2+1,R@1
                 	OUT  @2,R@0
                 	.ENDM
                 
                 	.MACRO __CALL1MN
                 	LDS  R30,@0+(@1)
                 	LDS  R31,@0+(@1)+1
                 	ICALL
                 	.ENDM
                 
                 	.MACRO __CALL1FN
                 	LDI  R30,LOW(2*@0+(@1))
                 	LDI  R31,HIGH(2*@0+(@1))
                 	CALL __GETW1PF
                 	ICALL
                 	.ENDM
                 
                 	.MACRO __CALL2EN
                 	PUSH R26
                 	PUSH R27
                 	LDI  R26,LOW(@0+(@1))
                 	LDI  R27,HIGH(@0+(@1))
                 	CALL __EEPROMRDW
                 	POP  R27
                 	POP  R26
                 	ICALL
                 	.ENDM
                 
                 	.MACRO __CALL2EX
                 	SUBI R26,LOW(-@0)
                 	SBCI R27,HIGH(-@0)
                 	CALL __EEPROMRDD
                 	ICALL
                 	.ENDM
                 
                 	.MACRO __GETW1STACK
                 	IN   R30,SPL
                 	IN   R31,SPH
                 	ADIW R30,@0+1
                 	LD   R0,Z+
                 	LD   R31,Z
                 	MOV  R30,R0
                 	.ENDM
                 
                 	.MACRO __GETD1STACK
                 	IN   R30,SPL
                 	IN   R31,SPH
                 	ADIW R30,@0+1
                 	LD   R0,Z+
                 	LD   R1,Z+
                 	LD   R22,Z
                 	MOVW R30,R0
                 	.ENDM
                 
                 	.MACRO __NBST
                 	BST  R@0,@1
                 	IN   R30,SREG
                 	LDI  R31,0x40
                 	EOR  R30,R31
                 	OUT  SREG,R30
                 	.ENDM
                 
                 
                 	.MACRO __PUTB1SN
                 	LDD  R26,Y+@0
                 	LDD  R27,Y+@0+1
                 	SUBI R26,LOW(-@1)
                 	SBCI R27,HIGH(-@1)
                 	ST   X,R30
                 	.ENDM
                 
                 	.MACRO __PUTW1SN
                 	LDD  R26,Y+@0
                 	LDD  R27,Y+@0+1
                 	SUBI R26,LOW(-@1)
                 	SBCI R27,HIGH(-@1)
                 	ST   X+,R30
                 	ST   X,R31
                 	.ENDM
                 
                 	.MACRO __PUTD1SN
                 	LDD  R26,Y+@0
                 	LDD  R27,Y+@0+1
                 	SUBI R26,LOW(-@1)
                 	SBCI R27,HIGH(-@1)
                 	CALL __PUTDP1
                 	.ENDM
                 
                 	.MACRO __PUTB1SNS
                 	LDD  R26,Y+@0
                 	LDD  R27,Y+@0+1
                 	ADIW R26,@1
                 	ST   X,R30
                 	.ENDM
                 
                 	.MACRO __PUTW1SNS
                 	LDD  R26,Y+@0
                 	LDD  R27,Y+@0+1
                 	ADIW R26,@1
                 	ST   X+,R30
                 	ST   X,R31
                 	.ENDM
                 
                 	.MACRO __PUTD1SNS
                 	LDD  R26,Y+@0
                 	LDD  R27,Y+@0+1
                 	ADIW R26,@1
                 	CALL __PUTDP1
                 	.ENDM
                 
                 	.MACRO __PUTB1PMN
                 	LDS  R26,@0
                 	LDS  R27,@0+1
                 	SUBI R26,LOW(-@1)
                 	SBCI R27,HIGH(-@1)
                 	ST   X,R30
                 	.ENDM
                 
                 	.MACRO __PUTW1PMN
                 	LDS  R26,@0
                 	LDS  R27,@0+1
                 	SUBI R26,LOW(-@1)
                 	SBCI R27,HIGH(-@1)
                 	ST   X+,R30
                 	ST   X,R31
                 	.ENDM
                 
                 	.MACRO __PUTD1PMN
                 	LDS  R26,@0
                 	LDS  R27,@0+1
                 	SUBI R26,LOW(-@1)
                 	SBCI R27,HIGH(-@1)
                 	CALL __PUTDP1
                 	.ENDM
                 
                 	.MACRO __PUTB1PMNS
                 	LDS  R26,@0
                 	LDS  R27,@0+1
                 	ADIW R26,@1
                 	ST   X,R30
                 	.ENDM
                 
                 	.MACRO __PUTW1PMNS
                 	LDS  R26,@0
                 	LDS  R27,@0+1
                 	ADIW R26,@1
                 	ST   X+,R30
                 	ST   X,R31
                 	.ENDM
                 
                 	.MACRO __PUTD1PMNS
                 	LDS  R26,@0
                 	LDS  R27,@0+1
                 	ADIW R26,@1
                 	CALL __PUTDP1
                 	.ENDM
                 
                 	.MACRO __PUTB1RN
                 	MOVW R26,R@0
                 	SUBI R26,LOW(-@1)
                 	SBCI R27,HIGH(-@1)
                 	ST   X,R30
                 	.ENDM
                 
                 	.MACRO __PUTW1RN
                 	MOVW R26,R@0
                 	SUBI R26,LOW(-@1)
                 	SBCI R27,HIGH(-@1)
                 	ST   X+,R30
                 	ST   X,R31
                 	.ENDM
                 
                 	.MACRO __PUTD1RN
                 	MOVW R26,R@0
                 	SUBI R26,LOW(-@1)
                 	SBCI R27,HIGH(-@1)
                 	CALL __PUTDP1
                 	.ENDM
                 
                 	.MACRO __PUTB1RNS
                 	MOVW R26,R@0
                 	ADIW R26,@1
                 	ST   X,R30
                 	.ENDM
                 
                 	.MACRO __PUTW1RNS
                 	MOVW R26,R@0
                 	ADIW R26,@1
                 	ST   X+,R30
                 	ST   X,R31
                 	.ENDM
                 
                 	.MACRO __PUTD1RNS
                 	MOVW R26,R@0
                 	ADIW R26,@1
                 	CALL __PUTDP1
                 	.ENDM
                 
                 	.MACRO __PUTB1RON
                 	MOV  R26,R@0
                 	MOV  R27,R@1
                 	SUBI R26,LOW(-@2)
                 	SBCI R27,HIGH(-@2)
                 	ST   X,R30
                 	.ENDM
                 
                 	.MACRO __PUTW1RON
                 	MOV  R26,R@0
                 	MOV  R27,R@1
                 	SUBI R26,LOW(-@2)
                 	SBCI R27,HIGH(-@2)
                 	ST   X+,R30
                 	ST   X,R31
                 	.ENDM
                 
                 	.MACRO __PUTD1RON
                 	MOV  R26,R@0
                 	MOV  R27,R@1
                 	SUBI R26,LOW(-@2)
                 	SBCI R27,HIGH(-@2)
                 	CALL __PUTDP1
                 	.ENDM
                 
                 	.MACRO __PUTB1RONS
                 	MOV  R26,R@0
                 	MOV  R27,R@1
                 	ADIW R26,@2
                 	ST   X,R30
                 	.ENDM
                 
                 	.MACRO __PUTW1RONS
                 	MOV  R26,R@0
                 	MOV  R27,R@1
                 	ADIW R26,@2
                 	ST   X+,R30
                 	ST   X,R31
                 	.ENDM
                 
                 	.MACRO __PUTD1RONS
                 	MOV  R26,R@0
                 	MOV  R27,R@1
                 	ADIW R26,@2
                 	CALL __PUTDP1
                 	.ENDM
                 
                 
                 	.MACRO __GETB1SX
                 	MOVW R30,R28
                 	SUBI R30,LOW(-@0)
                 	SBCI R31,HIGH(-@0)
                 	LD   R30,Z
                 	.ENDM
                 
                 	.MACRO __GETB1HSX
                 	MOVW R30,R28
                 	SUBI R30,LOW(-@0)
                 	SBCI R31,HIGH(-@0)
                 	LD   R31,Z
                 	.ENDM
                 
                 	.MACRO __GETW1SX
                 	MOVW R30,R28
                 	SUBI R30,LOW(-@0)
                 	SBCI R31,HIGH(-@0)
                 	LD   R0,Z+
                 	LD   R31,Z
                 	MOV  R30,R0
                 	.ENDM
                 
                 	.MACRO __GETD1SX
                 	MOVW R30,R28
                 	SUBI R30,LOW(-@0)
                 	SBCI R31,HIGH(-@0)
                 	LD   R0,Z+
                 	LD   R1,Z+
                 	LD   R22,Z+
                 	LD   R23,Z
                 	MOVW R30,R0
                 	.ENDM
                 
                 	.MACRO __GETB2SX
                 	MOVW R26,R28
                 	SUBI R26,LOW(-@0)
                 	SBCI R27,HIGH(-@0)
                 	LD   R26,X
                 	.ENDM
                 
                 	.MACRO __GETW2SX
                 	MOVW R26,R28
                 	SUBI R26,LOW(-@0)
                 	SBCI R27,HIGH(-@0)
                 	LD   R0,X+
                 	LD   R27,X
                 	MOV  R26,R0
                 	.ENDM
                 
                 	.MACRO __GETD2SX
                 	MOVW R26,R28
                 	SUBI R26,LOW(-@0)
                 	SBCI R27,HIGH(-@0)
                 	LD   R0,X+
                 	LD   R1,X+
                 	LD   R24,X+
                 	LD   R25,X
                 	MOVW R26,R0
                 	.ENDM
                 
                 	.MACRO __GETBRSX
                 	MOVW R30,R28
                 	SUBI R30,LOW(-@1)
                 	SBCI R31,HIGH(-@1)
                 	LD   R@0,Z
                 	.ENDM
                 
                 	.MACRO __GETWRSX
                 	MOVW R30,R28
                 	SUBI R30,LOW(-@2)
                 	SBCI R31,HIGH(-@2)
                 	LD   R@0,Z+
                 	LD   R@1,Z
                 	.ENDM
                 
                 	.MACRO __GETBRSX2
                 	MOVW R26,R28
                 	SUBI R26,LOW(-@1)
                 	SBCI R27,HIGH(-@1)
                 	LD   R@0,X
                 	.ENDM
                 
                 	.MACRO __GETWRSX2
                 	MOVW R26,R28
                 	SUBI R26,LOW(-@2)
                 	SBCI R27,HIGH(-@2)
                 	LD   R@0,X+
                 	LD   R@1,X
                 	.ENDM
                 
                 	.MACRO __LSLW8SX
                 	MOVW R30,R28
                 	SUBI R30,LOW(-@0)
                 	SBCI R31,HIGH(-@0)
                 	LD   R31,Z
                 	CLR  R30
                 	.ENDM
                 
                 	.MACRO __PUTB1SX
                 	MOVW R26,R28
                 	SUBI R26,LOW(-@0)
                 	SBCI R27,HIGH(-@0)
                 	ST   X,R30
                 	.ENDM
                 
                 	.MACRO __PUTW1SX
                 	MOVW R26,R28
                 	SUBI R26,LOW(-@0)
                 	SBCI R27,HIGH(-@0)
                 	ST   X+,R30
                 	ST   X,R31
                 	.ENDM
                 
                 	.MACRO __PUTD1SX
                 	MOVW R26,R28
                 	SUBI R26,LOW(-@0)
                 	SBCI R27,HIGH(-@0)
                 	ST   X+,R30
                 	ST   X+,R31
                 	ST   X+,R22
                 	ST   X,R23
                 	.ENDM
                 
                 	.MACRO __CLRW1SX
                 	MOVW R26,R28
                 	SUBI R26,LOW(-@0)
                 	SBCI R27,HIGH(-@0)
                 	ST   X+,R30
                 	ST   X,R30
                 	.ENDM
                 
                 	.MACRO __CLRD1SX
                 	MOVW R26,R28
                 	SUBI R26,LOW(-@0)
                 	SBCI R27,HIGH(-@0)
                 	ST   X+,R30
                 	ST   X+,R30
                 	ST   X+,R30
                 	ST   X,R30
                 	.ENDM
                 
                 	.MACRO __PUTB2SX
                 	MOVW R30,R28
                 	SUBI R30,LOW(-@0)
                 	SBCI R31,HIGH(-@0)
                 	ST   Z,R26
                 	.ENDM
                 
                 	.MACRO __PUTW2SX
                 	MOVW R30,R28
                 	SUBI R30,LOW(-@0)
                 	SBCI R31,HIGH(-@0)
                 	ST   Z+,R26
                 	ST   Z,R27
                 	.ENDM
                 
                 	.MACRO __PUTD2SX
                 	MOVW R30,R28
                 	SUBI R30,LOW(-@0)
                 	SBCI R31,HIGH(-@0)
                 	ST   Z+,R26
                 	ST   Z+,R27
                 	ST   Z+,R24
                 	ST   Z,R25
                 	.ENDM
                 
                 	.MACRO __PUTBSRX
                 	MOVW R30,R28
                 	SUBI R30,LOW(-@1)
                 	SBCI R31,HIGH(-@1)
                 	ST   Z,R@0
                 	.ENDM
                 
                 	.MACRO __PUTWSRX
                 	MOVW R30,R28
                 	SUBI R30,LOW(-@2)
                 	SBCI R31,HIGH(-@2)
                 	ST   Z+,R@0
                 	ST   Z,R@1
                 	.ENDM
                 
                 	.MACRO __PUTB1SNX
                 	MOVW R26,R28
                 	SUBI R26,LOW(-@0)
                 	SBCI R27,HIGH(-@0)
                 	LD   R0,X+
                 	LD   R27,X
                 	MOV  R26,R0
                 	SUBI R26,LOW(-@1)
                 	SBCI R27,HIGH(-@1)
                 	ST   X,R30
                 	.ENDM
                 
                 	.MACRO __PUTW1SNX
                 	MOVW R26,R28
                 	SUBI R26,LOW(-@0)
                 	SBCI R27,HIGH(-@0)
                 	LD   R0,X+
                 	LD   R27,X
                 	MOV  R26,R0
                 	SUBI R26,LOW(-@1)
                 	SBCI R27,HIGH(-@1)
                 	ST   X+,R30
                 	ST   X,R31
                 	.ENDM
                 
                 	.MACRO __PUTD1SNX
                 	MOVW R26,R28
                 	SUBI R26,LOW(-@0)
                 	SBCI R27,HIGH(-@0)
                 	LD   R0,X+
                 	LD   R27,X
                 	MOV  R26,R0
                 	SUBI R26,LOW(-@1)
                 	SBCI R27,HIGH(-@1)
                 	ST   X+,R30
                 	ST   X+,R31
                 	ST   X+,R22
                 	ST   X,R23
                 	.ENDM
                 
                 	.MACRO __MULBRR
                 	MULS R@0,R@1
                 	MOVW R30,R0
                 	.ENDM
                 
                 	.MACRO __MULBRRU
                 	MUL  R@0,R@1
                 	MOVW R30,R0
                 	.ENDM
                 
                 	.MACRO __MULBRR0
                 	MULS R@0,R@1
                 	.ENDM
                 
                 	.MACRO __MULBRRU0
                 	MUL  R@0,R@1
                 	.ENDM
                 
                 	.MACRO __MULBNWRU
                 	LDI  R26,@2
                 	MUL  R26,R@0
                 	MOVW R30,R0
                 	MUL  R26,R@1
                 	ADD  R31,R0
                 	.ENDM
                 
                 ;NAME DEFINITIONS FOR GLOBAL VARIABLES ALLOCATED TO REGISTERS
                 	.DEF _d=R4
                 	.DEF _d_msb=R5
                 	.DEF _tmp=R6
                 	.DEF _tmp_msb=R7
                 	.DEF _tmp2=R8
                 	.DEF _tmp2_msb=R9
                 	.DEF _tmpa=R10
                 	.DEF _tmpa_msb=R11
                 	.DEF _tmpa2=R12
                 	.DEF _tmpa2_msb=R13
                 
                 	.CSEG
                 	.ORG 0x00
                 
                 ;START OF CODE MARKER
                 __START_OF_CODE:
                 
                 ;INTERRUPT VECTORS
000000 940c 004a 	JMP  __RESET
000002 940c 0000 	JMP  0x00
000004 940c 0000 	JMP  0x00
000006 940c 0000 	JMP  0x00
000008 940c 0000 	JMP  0x00
00000a 940c 0077 	JMP  _timer1_capt_isr
00000c 940c 0000 	JMP  0x00
00000e 940c 0000 	JMP  0x00
000010 940c 0000 	JMP  0x00
000012 940c 0000 	JMP  0x00
000014 940c 0000 	JMP  0x00
000016 940c 0000 	JMP  0x00
000018 940c 0000 	JMP  0x00
00001a 940c 0000 	JMP  0x00
00001c 940c 0000 	JMP  0x00
00001e 940c 0000 	JMP  0x00
000020 940c 0000 	JMP  0x00
000022 940c 0000 	JMP  0x00
000024 940c 0000 	JMP  0x00
000026 940c 0000 	JMP  0x00
000028 940c 0000 	JMP  0x00
                 
                 _tbl10_G101:
00002a 2710
00002b 03e8
00002c 0064
00002d 000a      	.DB  0x10,0x27,0xE8,0x3,0x64,0x0,0xA,0x0
00002e 0001      	.DB  0x1,0x0
                 _tbl16_G101:
00002f 1000
000030 0100
000031 0010
000032 0001      	.DB  0x0,0x10,0x0,0x1,0x10,0x0,0x1,0x0
                 
                 _0x0:
000033 4552
000034 3d44
000035 6425
000036 202c      	.DB  0x52,0x45,0x44,0x3D,0x25,0x64,0x2C,0x20
000037 5247
000038 4545
000039 3d4e
00003a 6425      	.DB  0x47,0x52,0x45,0x45,0x4E,0x3D,0x25,0x64
00003b 202c
00003c 4c42
00003d 4555
00003e 253d      	.DB  0x2C,0x20,0x42,0x4C,0x55,0x45,0x3D,0x25
00003f 2c64
000040 4320
000041 454c
000042 5241      	.DB  0x64,0x2C,0x20,0x43,0x4C,0x45,0x41,0x52
000043 253d
000044 0064      	.DB  0x3D,0x25,0x64,0x0
                 _0x2000003:
000045 c080      	.DB  0x80,0xC0
                 
                 __GLOBAL_INI_TBL:
000046 0002      	.DW  0x02
000047 0172      	.DW  __base_y_G100
000048 008a      	.DW  _0x2000003*2
                 
                 _0xFFFFFFFF:
000049 0000      	.DW  0
                 
                 #define __GLOBAL_INI_TBL_PRESENT 1
                 
                 __RESET:
00004a 94f8      	CLI
00004b 27ee      	CLR  R30
00004c bbec      	OUT  EECR,R30
                 
                 ;INTERRUPT VECTORS ARE PLACED
                 ;AT THE START OF FLASH
00004d e0f1      	LDI  R31,1
00004e bffb      	OUT  GICR,R31
00004f bfeb      	OUT  GICR,R30
000050 bfe5      	OUT  MCUCR,R30
                 
                 ;CLEAR R2-R14
000051 e08d      	LDI  R24,(14-2)+1
000052 e0a2      	LDI  R26,2
000053 27bb      	CLR  R27
                 __CLEAR_REG:
000054 93ed      	ST   X+,R30
000055 958a      	DEC  R24
000056 f7e9      	BRNE __CLEAR_REG
                 
                 ;CLEAR SRAM
000057 e080      	LDI  R24,LOW(__CLEAR_SRAM_SIZE)
000058 e094      	LDI  R25,HIGH(__CLEAR_SRAM_SIZE)
000059 e6a0      	LDI  R26,__SRAM_START
                 __CLEAR_SRAM:
00005a 93ed      	ST   X+,R30
00005b 9701      	SBIW R24,1
00005c f7e9      	BRNE __CLEAR_SRAM
                 
                 ;GLOBAL VARIABLES INITIALIZATION
00005d e8ec      	LDI  R30,LOW(__GLOBAL_INI_TBL*2)
00005e e0f0      	LDI  R31,HIGH(__GLOBAL_INI_TBL*2)
                 __GLOBAL_INI_NEXT:
00005f 9185      	LPM  R24,Z+
000060 9195      	LPM  R25,Z+
000061 9700      	SBIW R24,0
000062 f061      	BREQ __GLOBAL_INI_END
000063 91a5      	LPM  R26,Z+
000064 91b5      	LPM  R27,Z+
000065 9005      	LPM  R0,Z+
000066 9015      	LPM  R1,Z+
000067 01bf      	MOVW R22,R30
000068 01f0      	MOVW R30,R0
                 __GLOBAL_INI_LOOP:
000069 9005      	LPM  R0,Z+
00006a 920d      	ST   X+,R0
00006b 9701      	SBIW R24,1
00006c f7e1      	BRNE __GLOBAL_INI_LOOP
00006d 01fb      	MOVW R30,R22
00006e cff0      	RJMP __GLOBAL_INI_NEXT
                 __GLOBAL_INI_END:
                 
                 ;HARDWARE STACK POINTER INITIALIZATION
00006f e5ef      	LDI  R30,LOW(__SRAM_END-__HEAP_SIZE)
000070 bfed      	OUT  SPL,R30
000071 e0e4      	LDI  R30,HIGH(__SRAM_END-__HEAP_SIZE)
000072 bfee      	OUT  SPH,R30
                 
                 ;DATA STACK POINTER INITIALIZATION
000073 e6c0      	LDI  R28,LOW(__SRAM_START+__DSTACK_SIZE)
000074 e0d1      	LDI  R29,HIGH(__SRAM_START+__DSTACK_SIZE)
                 
000075 940c 00bb 	JMP  _main
                 
                 	.ESEG
                 	.ORG 0
                 
                 	.DSEG
                 	.ORG 0x160
                 
                 	.CSEG
                 ;/*******************************************************
                 ;This program was created by the
                 ;CodeWizardAVR V3.12 Advanced
                 ;Automatic Program Generator
                 ;© Copyright 1998-2014 Pavel Haiduc, HP InfoTech s.r.l.
                 ;http://www.hpinfotech.com
                 ;
                 ;Project :
                 ;Version :
                 ;Date    : 22/01/2018
                 ;Author  :
                 ;Company :
                 ;Comments:
                 ;
                 ;
                 ;Chip type               : ATmega16A
                 ;Program type            : Application
                 ;AVR Core Clock frequency: 1.000000 MHz
                 ;Memory model            : Small
                 ;External RAM size       : 0
                 ;Data Stack size         : 256
                 ;*******************************************************/
                 ;
                 ;#include <mega16a.h>
                 	#ifndef __SLEEP_DEFINED__
                 	#define __SLEEP_DEFINED__
                 	.EQU __se_bit=0x40
                 	.EQU __sm_mask=0xB0
                 	.EQU __sm_powerdown=0x20
                 	.EQU __sm_powersave=0x30
                 	.EQU __sm_standby=0xA0
                 	.EQU __sm_ext_standby=0xB0
                 	.EQU __sm_adc_noise_red=0x10
                 	.SET power_ctrl_reg=mcucr
                 	#endif
                 ;
                 ;// Alphanumeric LCD functions
                 ;#include <lcd.h>
                 ;#include <stdio.h>
                 ;#include <delay.h>
                 ;
                 ;// Declare your global variables here
                 ;  int d,tmp,tmp2,tmpa,tmpa2,tmp3,tmp4;
                 ;  int state = 0;
                 ;  int color[4];
                 ;  char buffer[4];
                 ;// Timer1 input capture interrupt service routine
                 ;interrupt [TIM1_CAPT] void timer1_capt_isr(void)
                 ; 0000 0026 {
                 
                 	.CSEG
                 _timer1_capt_isr:
                 ; .FSTART _timer1_capt_isr
000077 93aa      	ST   -Y,R26
000078 93ba      	ST   -Y,R27
000079 93ea      	ST   -Y,R30
00007a 93fa      	ST   -Y,R31
00007b b7ef      	IN   R30,SREG
00007c 93ea      	ST   -Y,R30
                 ; 0000 0027  if(state==0) {
00007d 91e0 0164 	LDS  R30,_state
00007f 91f0 0165 	LDS  R31,_state+1
000081 9730      	SBIW R30,0
000082 f491      	BRNE _0x3
                 ; 0000 0028         tmp = ICR1L  ;
000083 b466      	IN   R6,38
000084 2477      	CLR  R7
                 ; 0000 0029         tmp2 = ICR1H << 8;
000085 b5e7      	IN   R30,0x27
000086 2ffe      	MOV  R31,R30
000087 e0e0      	LDI  R30,0
000088 014f      	MOVW R8,R30
                 ; 0000 002A         tmpa = tmp | tmp2;
000089 29e6      	OR   R30,R6
00008a 29f7      	OR   R31,R7
00008b 015f      	MOVW R10,R30
                 ; 0000 002B         TCCR1B=(0<<ICNC1) | (0<<ICES1) | (0<<WGM13) | (0<<WGM12) | (0<<CS12) | (0<<CS11) | (1<<CS10);
00008c e0e1      	LDI  R30,LOW(1)
00008d bdee      	OUT  0x2E,R30
                 ; 0000 002C         state = 1;
00008e e0e1      	LDI  R30,LOW(1)
00008f e0f0      	LDI  R31,HIGH(1)
000090 93e0 0164 	STS  _state,R30
000092 93f0 0165 	STS  _state+1,R31
                 ; 0000 002D     }
                 ; 0000 002E     else{
000094 c01f      	RJMP _0x4
                 _0x3:
                 ; 0000 002F         tmp3 = ICR1L  ;
000095 b5e6      	IN   R30,0x26
000096 e0f0      	LDI  R31,0
000097 93e0 0160 	STS  _tmp3,R30
000099 93f0 0161 	STS  _tmp3+1,R31
                 ; 0000 0030         tmp4 = ICR1H << 8;
00009b b5e7      	IN   R30,0x27
00009c 2ffe      	MOV  R31,R30
00009d e0e0      	LDI  R30,0
00009e 93e0 0162 	STS  _tmp4,R30
0000a0 93f0 0163 	STS  _tmp4+1,R31
                 ; 0000 0031         tmpa2 = tmp3 | tmp4;
0000a2 91a0 0160 	LDS  R26,_tmp3
0000a4 91b0 0161 	LDS  R27,_tmp3+1
0000a6 2bea      	OR   R30,R26
0000a7 2bfb      	OR   R31,R27
0000a8 016f      	MOVW R12,R30
                 ; 0000 0032         TCCR1B=(0<<ICNC1) | (1<<ICES1) | (0<<WGM13) | (0<<WGM12) | (0<<CS12) | (0<<CS11) | (1<<CS10);
0000a9 e4e1      	LDI  R30,LOW(65)
0000aa bdee      	OUT  0x2E,R30
                 ; 0000 0033         d = (tmpa2 - tmpa);
0000ab 01f6      	MOVW R30,R12
0000ac 19ea      	SUB  R30,R10
0000ad 09fb      	SBC  R31,R11
0000ae 012f      	MOVW R4,R30
                 ; 0000 0034         state = 0;
0000af e0e0      	LDI  R30,LOW(0)
0000b0 93e0 0164 	STS  _state,R30
0000b2 93e0 0165 	STS  _state+1,R30
                 ; 0000 0035     }
                 _0x4:
                 ; 0000 0036 
                 ; 0000 0037 
                 ; 0000 0038 }
0000b4 91e9      	LD   R30,Y+
0000b5 bfef      	OUT  SREG,R30
0000b6 91f9      	LD   R31,Y+
0000b7 91e9      	LD   R30,Y+
0000b8 91b9      	LD   R27,Y+
0000b9 91a9      	LD   R26,Y+
0000ba 9518      	RETI
                 ; .FEND
                 ;
                 ;void main(void)
                 ; 0000 003B {
                 _main:
                 ; .FSTART _main
                 ; 0000 003C // Declare your local variables here
                 ; 0000 003D 
                 ; 0000 003E // Input/Output Ports initialization
                 ; 0000 003F // Port A initialization
                 ; 0000 0040 // Function: Bit7=In Bit6=In Bit5=In Bit4=In Bit3=In Bit2=In Bit1=In Bit0=In
                 ; 0000 0041 DDRA=(0<<DDA7) | (0<<DDA6) | (0<<DDA5) | (0<<DDA4) | (0<<DDA3) | (0<<DDA2) | (0<<DDA1) | (0<<DDA0);
0000bb e0e0      	LDI  R30,LOW(0)
0000bc bbea      	OUT  0x1A,R30
                 ; 0000 0042 // State: Bit7=T Bit6=T Bit5=T Bit4=T Bit3=T Bit2=T Bit1=T Bit0=T
                 ; 0000 0043 PORTA=(0<<PORTA7) | (0<<PORTA6) | (0<<PORTA5) | (0<<PORTA4) | (0<<PORTA3) | (0<<PORTA2) | (0<<PORTA1) | (0<<PORTA0);
0000bd bbeb      	OUT  0x1B,R30
                 ; 0000 0044 
                 ; 0000 0045 // Port B initialization
                 ; 0000 0046 // Function: Bit7=In Bit6=In Bit5=In Bit4=In Bit3=In Bit2=In Bit1=In Bit0=In
                 ; 0000 0047 DDRB=(0<<DDB7) | (0<<DDB6) | (0<<DDB5) | (1<<DDB4) | (1<<DDB3) | (1<<DDB2) | (1<<DDB1) | (1<<DDB0);
0000be e1ef      	LDI  R30,LOW(31)
0000bf bbe7      	OUT  0x17,R30
                 ; 0000 0048 // State: Bit7=T Bit6=T Bit5=T Bit4=T Bit3=T Bit2=T Bit1=T Bit0=T
                 ; 0000 0049 PORTB=(0<<PORTB7) | (0<<PORTB6) | (0<<PORTB5) | (0<<PORTB4) | (0<<PORTB3) | (0<<PORTB2) | (0<<PORTB1) | (0<<PORTB0);
0000c0 e0e0      	LDI  R30,LOW(0)
0000c1 bbe8      	OUT  0x18,R30
                 ; 0000 004A 
                 ; 0000 004B // Port C initialization
                 ; 0000 004C // Function: Bit7=In Bit6=In Bit5=In Bit4=In Bit3=In Bit2=In Bit1=In Bit0=In
                 ; 0000 004D DDRC=(0<<DDC7) | (0<<DDC6) | (0<<DDC5) | (0<<DDC4) | (0<<DDC3) | (0<<DDC2) | (0<<DDC1) | (0<<DDC0);
0000c2 bbe4      	OUT  0x14,R30
                 ; 0000 004E // State: Bit7=T Bit6=T Bit5=T Bit4=T Bit3=T Bit2=T Bit1=T Bit0=T
                 ; 0000 004F PORTC=(0<<PORTC7) | (0<<PORTC6) | (0<<PORTC5) | (0<<PORTC4) | (0<<PORTC3) | (0<<PORTC2) | (0<<PORTC1) | (0<<PORTC0);
0000c3 bbe5      	OUT  0x15,R30
                 ; 0000 0050 
                 ; 0000 0051 // Port D initialization
                 ; 0000 0052 // Function: Bit7=In Bit6=In Bit5=In Bit4=In Bit3=In Bit2=In Bit1=In Bit0=In
                 ; 0000 0053 DDRD=(0<<DDD7) | (0<<DDD6) | (0<<DDD5) | (0<<DDD4) | (0<<DDD3) | (0<<DDD2) | (0<<DDD1) | (0<<DDD0);
0000c4 bbe1      	OUT  0x11,R30
                 ; 0000 0054 // State: Bit7=T Bit6=T Bit5=T Bit4=T Bit3=T Bit2=T Bit1=T Bit0=T
                 ; 0000 0055 PORTD=(0<<PORTD7) | (0<<PORTD6) | (0<<PORTD5) | (0<<PORTD4) | (0<<PORTD3) | (0<<PORTD2) | (0<<PORTD1) | (0<<PORTD0);
0000c5 bbe2      	OUT  0x12,R30
                 ; 0000 0056 
                 ; 0000 0057 // Timer/Counter 0 initialization
                 ; 0000 0058 // Clock source: System Clock
                 ; 0000 0059 // Clock value: Timer 0 Stopped
                 ; 0000 005A // Mode: Normal top=0xFF
                 ; 0000 005B // OC0 output: Disconnected
                 ; 0000 005C TCCR0=(0<<WGM00) | (0<<COM01) | (0<<COM00) | (0<<WGM01) | (0<<CS02) | (0<<CS01) | (0<<CS00);
0000c6 bfe3      	OUT  0x33,R30
                 ; 0000 005D TCNT0=0x00;
0000c7 bfe2      	OUT  0x32,R30
                 ; 0000 005E OCR0=0x00;
0000c8 bfec      	OUT  0x3C,R30
                 ; 0000 005F 
                 ; 0000 0060 // Timer/Counter 1 initialization
                 ; 0000 0061 // Clock source: System Clock
                 ; 0000 0062 // Clock value: 1000.000 kHz
                 ; 0000 0063 // Mode: Normal top=0xFFFF
                 ; 0000 0064 // OC1A output: Disconnected
                 ; 0000 0065 // OC1B output: Disconnected
                 ; 0000 0066 // Noise Canceler: Off
                 ; 0000 0067 // Input Capture on Rising Edge
                 ; 0000 0068 // Timer Period: 65.536 ms
                 ; 0000 0069 // Timer1 Overflow Interrupt: Off
                 ; 0000 006A // Input Capture Interrupt: On
                 ; 0000 006B // Compare A Match Interrupt: Off
                 ; 0000 006C // Compare B Match Interrupt: Off
                 ; 0000 006D TCCR1A=(0<<COM1A1) | (0<<COM1A0) | (0<<COM1B1) | (0<<COM1B0) | (0<<WGM11) | (0<<WGM10);
0000c9 bdef      	OUT  0x2F,R30
                 ; 0000 006E TCCR1B=(0<<ICNC1) | (1<<ICES1) | (0<<WGM13) | (0<<WGM12) | (0<<CS12) | (0<<CS11) | (1<<CS10);
0000ca e4e1      	LDI  R30,LOW(65)
0000cb bdee      	OUT  0x2E,R30
                 ; 0000 006F TCNT1H=0x00;
0000cc e0e0      	LDI  R30,LOW(0)
0000cd bded      	OUT  0x2D,R30
                 ; 0000 0070 TCNT1L=0x00;
0000ce bdec      	OUT  0x2C,R30
                 ; 0000 0071 ICR1H=0x00;
0000cf bde7      	OUT  0x27,R30
                 ; 0000 0072 ICR1L=0x00;
0000d0 bde6      	OUT  0x26,R30
                 ; 0000 0073 OCR1AH=0x00;
0000d1 bdeb      	OUT  0x2B,R30
                 ; 0000 0074 OCR1AL=0x00;
0000d2 bdea      	OUT  0x2A,R30
                 ; 0000 0075 OCR1BH=0x00;
0000d3 bde9      	OUT  0x29,R30
                 ; 0000 0076 OCR1BL=0x00;
0000d4 bde8      	OUT  0x28,R30
                 ; 0000 0077 
                 ; 0000 0078 // Timer/Counter 2 initialization
                 ; 0000 0079 // Clock source: System Clock
                 ; 0000 007A // Clock value: Timer2 Stopped
                 ; 0000 007B // Mode: Normal top=0xFF
                 ; 0000 007C // OC2 output: Disconnected
                 ; 0000 007D ASSR=0<<AS2;
0000d5 bde2      	OUT  0x22,R30
                 ; 0000 007E TCCR2=(0<<PWM2) | (0<<COM21) | (0<<COM20) | (0<<CTC2) | (0<<CS22) | (0<<CS21) | (0<<CS20);
0000d6 bde5      	OUT  0x25,R30
                 ; 0000 007F TCNT2=0x00;
0000d7 bde4      	OUT  0x24,R30
                 ; 0000 0080 OCR2=0x00;
0000d8 bde3      	OUT  0x23,R30
                 ; 0000 0081 
                 ; 0000 0082 // Timer(s)/Counter(s) Interrupt(s) initialization
                 ; 0000 0083 TIMSK=(0<<OCIE2) | (0<<TOIE2) | (1<<TICIE1) | (0<<OCIE1A) | (0<<OCIE1B) | (0<<TOIE1) | (0<<OCIE0) | (0<<TOIE0);
0000d9 e2e0      	LDI  R30,LOW(32)
0000da bfe9      	OUT  0x39,R30
                 ; 0000 0084 
                 ; 0000 0085 // External Interrupt(s) initialization
                 ; 0000 0086 // INT0: Off
                 ; 0000 0087 // INT1: Off
                 ; 0000 0088 // INT2: Off
                 ; 0000 0089 MCUCR=(0<<ISC11) | (0<<ISC10) | (0<<ISC01) | (0<<ISC00);
0000db e0e0      	LDI  R30,LOW(0)
0000dc bfe5      	OUT  0x35,R30
                 ; 0000 008A MCUCSR=(0<<ISC2);
0000dd bfe4      	OUT  0x34,R30
                 ; 0000 008B 
                 ; 0000 008C // USART initialization
                 ; 0000 008D // USART disabled
                 ; 0000 008E UCSRB=(0<<RXCIE) | (0<<TXCIE) | (0<<UDRIE) | (0<<RXEN) | (0<<TXEN) | (0<<UCSZ2) | (0<<RXB8) | (0<<TXB8);
0000de b9ea      	OUT  0xA,R30
                 ; 0000 008F 
                 ; 0000 0090 // Analog Comparator initialization
                 ; 0000 0091 // Analog Comparator: Off
                 ; 0000 0092 // The Analog Comparator's positive input is
                 ; 0000 0093 // connected to the AIN0 pin
                 ; 0000 0094 // The Analog Comparator's negative input is
                 ; 0000 0095 // connected to the AIN1 pin
                 ; 0000 0096 ACSR=(1<<ACD) | (0<<ACBG) | (0<<ACO) | (0<<ACI) | (0<<ACIE) | (0<<ACIC) | (0<<ACIS1) | (0<<ACIS0);
0000df e8e0      	LDI  R30,LOW(128)
0000e0 b9e8      	OUT  0x8,R30
                 ; 0000 0097 SFIOR=(0<<ACME);
0000e1 e0e0      	LDI  R30,LOW(0)
0000e2 bfe0      	OUT  0x30,R30
                 ; 0000 0098 
                 ; 0000 0099 // ADC initialization
                 ; 0000 009A // ADC disabled
                 ; 0000 009B ADCSRA=(0<<ADEN) | (0<<ADSC) | (0<<ADATE) | (0<<ADIF) | (0<<ADIE) | (0<<ADPS2) | (0<<ADPS1) | (0<<ADPS0);
0000e3 b9e6      	OUT  0x6,R30
                 ; 0000 009C 
                 ; 0000 009D // SPI initialization
                 ; 0000 009E // SPI disabled
                 ; 0000 009F SPCR=(0<<SPIE) | (0<<SPE) | (0<<DORD) | (0<<MSTR) | (0<<CPOL) | (0<<CPHA) | (0<<SPR1) | (0<<SPR0);
0000e4 b9ed      	OUT  0xD,R30
                 ; 0000 00A0 
                 ; 0000 00A1 // TWI initialization
                 ; 0000 00A2 // TWI disabled
                 ; 0000 00A3 TWCR=(0<<TWEA) | (0<<TWSTA) | (0<<TWSTO) | (0<<TWEN) | (0<<TWIE);
0000e5 bfe6      	OUT  0x36,R30
                 ; 0000 00A4 
                 ; 0000 00A5 // Alphanumeric LCD initialization
                 ; 0000 00A6 // Connections are specified in the
                 ; 0000 00A7 // Project|Configure|C Compiler|Libraries|Alphanumeric LCD menu:
                 ; 0000 00A8 // RS - PORTA Bit 0
                 ; 0000 00A9 // RD - PORTA Bit 1
                 ; 0000 00AA // EN - PORTA Bit 2
                 ; 0000 00AB // D4 - PORTA Bit 4
                 ; 0000 00AC // D5 - PORTA Bit 5
                 ; 0000 00AD // D6 - PORTA Bit 6
                 ; 0000 00AE // D7 - PORTA Bit 7
                 ; 0000 00AF // Characters/line: 16
                 ; 0000 00B0 lcd_init(16);
0000e6 e1a0      	LDI  R26,LOW(16)
0000e7 940e 01e6 	CALL _lcd_init
                 ; 0000 00B1 
                 ; 0000 00B2 // Global enable interrupts
                 ; 0000 00B3 #asm("sei")
0000e9 9478      	sei
                 ; 0000 00B4 #asm
                 ; 0000 00B5    .equ __lcd_port=0x15 ;PORTC
                    .equ __lcd_port=0x15 ;PORTC
                 ; 0000 00B6 #endasm
                 ; 0000 00B7 
                 ; 0000 00B8 //set s0 and s1 pins
                 ; 0000 00B9 
                 ; 0000 00BA PORTB.0 = 0;
0000ea 98c0      	CBI  0x18,0
                 ; 0000 00BB PORTB.1 = 0;
0000eb 98c1      	CBI  0x18,1
                 ; 0000 00BC while (1)
                 _0x9:
                 ; 0000 00BD       {
                 ; 0000 00BE       lcd_clear();
0000ec 940e 0188 	CALL _lcd_clear
                 ; 0000 00BF       //set s2 and s3 to red
                 ; 0000 00C0       PORTB.2 = 0;
0000ee 98c2      	CBI  0x18,2
                 ; 0000 00C1       PORTB.4 = 0;
0000ef 98c4      	CBI  0x18,4
                 ; 0000 00C2       color[0] = d;
                +
0000f0 9240 0166+STS _color + ( 0 ) , R4
0000f2 9250 0167+STS _color + ( 0 ) + 1 , R5
                 	__PUTWMRN _color,0,4,5
                 ; 0000 00C3       //set s2 and s3 to green
                 ; 0000 00C4       PORTB.2 = 1;
0000f4 9ac2      	SBI  0x18,2
                 ; 0000 00C5       PORTB.4 = 1;
0000f5 9ac4      	SBI  0x18,4
                 ; 0000 00C6       color[1] = d;
                +
0000f6 e6e8     +LDI R30 , LOW ( _color + ( 2 ) )
0000f7 e0f1     +LDI R31 , HIGH ( _color + ( 2 ) )
                 	__POINTW1MN _color,2
0000f8 8240      	ST   Z,R4
0000f9 8251      	STD  Z+1,R5
                 ; 0000 00C7       //set s2 and s3 to blue
                 ; 0000 00C8       PORTB.2 = 0;
0000fa 98c2      	CBI  0x18,2
                 ; 0000 00C9       PORTB.4 = 1;
0000fb 9ac4      	SBI  0x18,4
                 ; 0000 00CA       color[2] = d;
                +
0000fc e6ea     +LDI R30 , LOW ( _color + ( 4 ) )
0000fd e0f1     +LDI R31 , HIGH ( _color + ( 4 ) )
                 	__POINTW1MN _color,4
0000fe 8240      	ST   Z,R4
0000ff 8251      	STD  Z+1,R5
                 ; 0000 00CB       //set s2 and s3 to clear
                 ; 0000 00CC       PORTB.2 = 1;
000100 9ac2      	SBI  0x18,2
                 ; 0000 00CD       PORTB.4 = 0;
000101 98c4      	CBI  0x18,4
                 ; 0000 00CE       color[3] = d;
                +
000102 e6ec     +LDI R30 , LOW ( _color + ( 6 ) )
000103 e0f1     +LDI R31 , HIGH ( _color + ( 6 ) )
                 	__POINTW1MN _color,6
000104 8240      	ST   Z,R4
000105 8251      	STD  Z+1,R5
                 ; 0000 00CF 
                 ; 0000 00D0       sprintf(buffer,"RED=%d, GREEN=%d, BLUE=%d, CLEAR=%d",color[0],color[1],color[2],color[3]);
000106 e6ee      	LDI  R30,LOW(_buffer)
000107 e0f1      	LDI  R31,HIGH(_buffer)
000108 93fa      	ST   -Y,R31
000109 93ea      	ST   -Y,R30
                +
00010a e6e6     +LDI R30 , LOW ( 2 * _0x0 + ( 0 ) )
00010b e0f0     +LDI R31 , HIGH ( 2 * _0x0 + ( 0 ) )
                 	__POINTW1FN _0x0,0
00010c 93fa      	ST   -Y,R31
00010d 93ea      	ST   -Y,R30
00010e 91e0 0166 	LDS  R30,_color
000110 91f0 0167 	LDS  R31,_color+1
000112 940e 03db 	CALL SUBOPT_0x0
                +
000114 91e0 0168+LDS R30 , _color + ( 2 )
000116 91f0 0169+LDS R31 , _color + ( 2 ) + 1
                 	__GETW1MN _color,2
000118 940e 03db 	CALL SUBOPT_0x0
                +
00011a 91e0 016a+LDS R30 , _color + ( 4 )
00011c 91f0 016b+LDS R31 , _color + ( 4 ) + 1
                 	__GETW1MN _color,4
00011e 940e 03db 	CALL SUBOPT_0x0
                +
000120 91e0 016c+LDS R30 , _color + ( 6 )
000122 91f0 016d+LDS R31 , _color + ( 6 ) + 1
                 	__GETW1MN _color,6
000124 940e 03db 	CALL SUBOPT_0x0
000126 e180      	LDI  R24,16
000127 940e 038e 	CALL _sprintf
000129 9664      	ADIW R28,20
                 ; 0000 00D1       lcd_puts(buffer) ;
00012a e6ae      	LDI  R26,LOW(_buffer)
00012b e0b1      	LDI  R27,HIGH(_buffer)
00012c 940e 01c4 	CALL _lcd_puts
                 ; 0000 00D2       delay_ms(500);
00012e efa4      	LDI  R26,LOW(500)
00012f e0b1      	LDI  R27,HIGH(500)
000130 940e 0415 	CALL _delay_ms
                 ; 0000 00D3       }
000132 cfb9      	RJMP _0x9
                 ; 0000 00D4 }
                 _0x1C:
000133 cfff      	RJMP _0x1C
                 ; .FEND
                     .equ __lcd_direction=__lcd_port-1
                     .equ __lcd_pin=__lcd_port-2
                     .equ __lcd_rs=0
                     .equ __lcd_rd=1
                     .equ __lcd_enable=2
                     .equ __lcd_busy_flag=7
                 
                 	.DSEG
                 
                 	.CSEG
                 __lcd_delay_G100:
                 ; .FSTART __lcd_delay_G100
000134 e0ff          ldi   r31,15
                 __lcd_delay0:
000135 95fa          dec   r31
000136 f7f1          brne  __lcd_delay0
000137 9508      	RET
                 ; .FEND
                 __lcd_ready:
                 ; .FSTART __lcd_ready
000138 b3a4          in    r26,__lcd_direction
000139 70af          andi  r26,0xf                 ;set as input
00013a bba4          out   __lcd_direction,r26
00013b 9aa9          sbi   __lcd_port,__lcd_rd     ;RD=1
00013c 98a8          cbi   __lcd_port,__lcd_rs     ;RS=0
                 __lcd_busy:
00013d dff6      	RCALL __lcd_delay_G100
00013e 9aaa          sbi   __lcd_port,__lcd_enable ;EN=1
00013f dff4      	RCALL __lcd_delay_G100
000140 b3a3          in    r26,__lcd_pin
000141 98aa          cbi   __lcd_port,__lcd_enable ;EN=0
000142 dff1      	RCALL __lcd_delay_G100
000143 9aaa          sbi   __lcd_port,__lcd_enable ;EN=1
000144 dfef      	RCALL __lcd_delay_G100
000145 98aa          cbi   __lcd_port,__lcd_enable ;EN=0
000146 fda7          sbrc  r26,__lcd_busy_flag
000147 cff5          rjmp  __lcd_busy
000148 9508      	RET
                 ; .FEND
                 __lcd_write_nibble_G100:
                 ; .FSTART __lcd_write_nibble_G100
000149 7fa0          andi  r26,0xf0
00014a 2bab          or    r26,r27
00014b bba5          out   __lcd_port,r26          ;write
00014c 9aaa          sbi   __lcd_port,__lcd_enable ;EN=1
00014d 940e 0134 	CALL __lcd_delay_G100
00014f 98aa          cbi   __lcd_port,__lcd_enable ;EN=0
000150 940e 0134 	CALL __lcd_delay_G100
000152 9508      	RET
                 ; .FEND
                 __lcd_write_data:
                 ; .FSTART __lcd_write_data
000153 93aa      	ST   -Y,R26
000154 98a9          cbi  __lcd_port,__lcd_rd 	  ;RD=0
000155 b3a4          in    r26,__lcd_direction
000156 6fa7          ori   r26,0xf0 | (1<<__lcd_rs) | (1<<__lcd_rd) | (1<<__lcd_enable) ;set as output
000157 bba4          out   __lcd_direction,r26
000158 b3b5          in    r27,__lcd_port
000159 70bf          andi  r27,0xf
00015a 81a8          ld    r26,y
00015b dfed      	RCALL __lcd_write_nibble_G100
00015c 81a8          ld    r26,y
00015d 95a2          swap  r26
00015e dfea      	RCALL __lcd_write_nibble_G100
00015f 9aa9          sbi   __lcd_port,__lcd_rd     ;RD=1
000160 940c 0218 	JMP  _0x2080002
                 ; .FEND
                 __lcd_read_nibble_G100:
                 ; .FSTART __lcd_read_nibble_G100
000162 9aaa          sbi   __lcd_port,__lcd_enable ;EN=1
000163 940e 0134 	CALL __lcd_delay_G100
000165 b3e3          in    r30,__lcd_pin           ;read
000166 98aa          cbi   __lcd_port,__lcd_enable ;EN=0
000167 940e 0134 	CALL __lcd_delay_G100
000169 7fe0          andi  r30,0xf0
00016a 9508      	RET
                 ; .FEND
                 _lcd_read_byte0_G100:
                 ; .FSTART _lcd_read_byte0_G100
00016b 940e 0134 	CALL __lcd_delay_G100
00016d dff4      	RCALL __lcd_read_nibble_G100
00016e 2fae          mov   r26,r30
00016f dff2      	RCALL __lcd_read_nibble_G100
000170 98a9          cbi   __lcd_port,__lcd_rd     ;RD=0
000171 95e2          swap  r30
000172 2bea          or    r30,r26
000173 9508      	RET
                 ; .FEND
                 _lcd_gotoxy:
                 ; .FSTART _lcd_gotoxy
000174 93aa      	ST   -Y,R26
000175 940e 0138 	CALL __lcd_ready
000177 81e8      	LD   R30,Y
000178 e0f0      	LDI  R31,0
000179 58ee      	SUBI R30,LOW(-__base_y_G100)
00017a 4ffe      	SBCI R31,HIGH(-__base_y_G100)
00017b 81e0      	LD   R30,Z
00017c 81a9      	LDD  R26,Y+1
00017d 0fae      	ADD  R26,R30
00017e 940e 0153 	CALL __lcd_write_data
000180 81e9      	LDD  R30,Y+1
000181 93e0 0176 	STS  __lcd_x,R30
000183 81e8      	LD   R30,Y
000184 93e0 0177 	STS  __lcd_y,R30
000186 9622      	ADIW R28,2
000187 9508      	RET
                 ; .FEND
                 _lcd_clear:
                 ; .FSTART _lcd_clear
000188 940e 0138 	CALL __lcd_ready
00018a e0a2      	LDI  R26,LOW(2)
00018b 940e 0153 	CALL __lcd_write_data
00018d 940e 0138 	CALL __lcd_ready
00018f e0ac      	LDI  R26,LOW(12)
000190 940e 0153 	CALL __lcd_write_data
000192 940e 0138 	CALL __lcd_ready
000194 e0a1      	LDI  R26,LOW(1)
000195 940e 0153 	CALL __lcd_write_data
000197 e0e0      	LDI  R30,LOW(0)
000198 93e0 0177 	STS  __lcd_y,R30
00019a 93e0 0176 	STS  __lcd_x,R30
00019c 9508      	RET
                 ; .FEND
                 _lcd_putchar:
                 ; .FSTART _lcd_putchar
00019d 93aa      	ST   -Y,R26
00019e 93ef          push r30
00019f 93ff          push r31
0001a0 81a8          ld   r26,y
0001a1 9468          set
0001a2 30aa          cpi  r26,10
0001a3 f039          breq __lcd_putchar1
0001a4 94e8          clt
0001a5 91e0 0178 	LDS  R30,__lcd_maxx
0001a7 91a0 0176 	LDS  R26,__lcd_x
0001a9 17ae      	CP   R26,R30
0001aa f058      	BRLO _0x2000004
                 	__lcd_putchar1:
0001ab 91e0 0177 	LDS  R30,__lcd_y
0001ad 5fef      	SUBI R30,-LOW(1)
0001ae 93e0 0177 	STS  __lcd_y,R30
0001b0 e0e0      	LDI  R30,LOW(0)
0001b1 93ea      	ST   -Y,R30
0001b2 91a0 0177 	LDS  R26,__lcd_y
0001b4 dfbf      	RCALL _lcd_gotoxy
0001b5 f056      	brts __lcd_putchar0
                 _0x2000004:
0001b6 91e0 0176 	LDS  R30,__lcd_x
0001b8 5fef      	SUBI R30,-LOW(1)
0001b9 93e0 0176 	STS  __lcd_x,R30
0001bb df7c          rcall __lcd_ready
0001bc 9aa8          sbi  __lcd_port,__lcd_rs ;RS=1
0001bd 81a8      	LD   R26,Y
0001be 940e 0153 	CALL __lcd_write_data
                 __lcd_putchar0:
0001c0 91ff          pop  r31
0001c1 91ef          pop  r30
0001c2 940c 0218 	JMP  _0x2080002
                 ; .FEND
                 _lcd_puts:
                 ; .FSTART _lcd_puts
0001c4 93ba      	ST   -Y,R27
0001c5 93aa      	ST   -Y,R26
0001c6 931a      	ST   -Y,R17
                 _0x2000005:
0001c7 81a9      	LDD  R26,Y+1
0001c8 81ba      	LDD  R27,Y+1+1
0001c9 91ed      	LD   R30,X+
0001ca 83a9      	STD  Y+1,R26
0001cb 83ba      	STD  Y+1+1,R27
0001cc 2f1e      	MOV  R17,R30
0001cd 30e0      	CPI  R30,0
0001ce f019      	BREQ _0x2000007
0001cf 2fa1      	MOV  R26,R17
0001d0 dfcc      	RCALL _lcd_putchar
0001d1 cff5      	RJMP _0x2000005
                 _0x2000007:
0001d2 8118      	LDD  R17,Y+0
0001d3 9623      	ADIW R28,3
0001d4 9508      	RET
                 ; .FEND
                 __long_delay_G100:
                 ; .FSTART __long_delay_G100
0001d5 27aa          clr   r26
0001d6 27bb          clr   r27
                 __long_delay0:
0001d7 9711          sbiw  r26,1         ;2 cycles
0001d8 f7f1          brne  __long_delay0 ;2 cycles
0001d9 9508      	RET
                 ; .FEND
                 __lcd_init_write_G100:
                 ; .FSTART __lcd_init_write_G100
0001da 93aa      	ST   -Y,R26
0001db 98a9          cbi  __lcd_port,__lcd_rd 	  ;RD=0
0001dc b3a4          in    r26,__lcd_direction
0001dd 6fa7          ori   r26,0xf7                ;set as output
0001de bba4          out   __lcd_direction,r26
0001df b3b5          in    r27,__lcd_port
0001e0 70bf          andi  r27,0xf
0001e1 81a8          ld    r26,y
0001e2 940e 0149 	CALL __lcd_write_nibble_G100
0001e4 9aa9          sbi   __lcd_port,__lcd_rd     ;RD=1
0001e5 c032      	RJMP _0x2080002
                 ; .FEND
                 _lcd_init:
                 ; .FSTART _lcd_init
0001e6 93aa      	ST   -Y,R26
0001e7 98aa          cbi   __lcd_port,__lcd_enable ;EN=0
0001e8 98a8          cbi   __lcd_port,__lcd_rs     ;RS=0
0001e9 81e8      	LD   R30,Y
0001ea 93e0 0178 	STS  __lcd_maxx,R30
0001ec 58e0      	SUBI R30,-LOW(128)
                +
0001ed 93e0 0174+STS __base_y_G100 + ( 2 ) , R30
                 	__PUTB1MN __base_y_G100,2
0001ef 81e8      	LD   R30,Y
0001f0 54e0      	SUBI R30,-LOW(192)
                +
0001f1 93e0 0175+STS __base_y_G100 + ( 3 ) , R30
                 	__PUTB1MN __base_y_G100,3
0001f3 940e 03e0 	CALL SUBOPT_0x1
0001f5 940e 03e0 	CALL SUBOPT_0x1
0001f7 940e 03e0 	CALL SUBOPT_0x1
0001f9 dfdb      	RCALL __long_delay_G100
0001fa e2a0      	LDI  R26,LOW(32)
0001fb dfde      	RCALL __lcd_init_write_G100
0001fc dfd8      	RCALL __long_delay_G100
0001fd e2a8      	LDI  R26,LOW(40)
0001fe 940e 03e5 	CALL SUBOPT_0x2
000200 e0a4      	LDI  R26,LOW(4)
000201 940e 03e5 	CALL SUBOPT_0x2
000203 e8a5      	LDI  R26,LOW(133)
000204 940e 03e5 	CALL SUBOPT_0x2
000206 b3a4          in    r26,__lcd_direction
000207 70af          andi  r26,0xf                 ;set as input
000208 bba4          out   __lcd_direction,r26
000209 9aa9          sbi   __lcd_port,__lcd_rd     ;RD=1
00020a 940e 016b 	CALL _lcd_read_byte0_G100
00020c 30e5      	CPI  R30,LOW(0x5)
00020d f011      	BREQ _0x200000B
00020e e0e0      	LDI  R30,LOW(0)
00020f c008      	RJMP _0x2080002
                 _0x200000B:
000210 940e 0138 	CALL __lcd_ready
000212 e0a6      	LDI  R26,LOW(6)
000213 940e 0153 	CALL __lcd_write_data
000215 940e 0188 	CALL _lcd_clear
000217 e0e1      	LDI  R30,LOW(1)
                 _0x2080002:
000218 9621      	ADIW R28,1
000219 9508      	RET
                 ; .FEND
                 	#ifndef __SLEEP_DEFINED__
                 	#endif
                 
                 	.CSEG
                 _put_buff_G101:
                 ; .FSTART _put_buff_G101
00021a 93ba      	ST   -Y,R27
00021b 93aa      	ST   -Y,R26
00021c 931a      	ST   -Y,R17
00021d 930a      	ST   -Y,R16
00021e 81aa      	LDD  R26,Y+2
00021f 81bb      	LDD  R27,Y+2+1
000220 9612      	ADIW R26,2
000221 940e 042c 	CALL __GETW1P
000223 9730      	SBIW R30,0
000224 f159      	BREQ _0x2020010
000225 81aa      	LDD  R26,Y+2
000226 81bb      	LDD  R27,Y+2+1
000227 9614      	ADIW R26,4
000228 940e 042c 	CALL __GETW1P
00022a 018f      	MOVW R16,R30
00022b 9730      	SBIW R30,0
00022c f061      	BREQ _0x2020012
                +
00022d 3002     +CPI R16 , LOW ( 2 )
00022e e0e0     +LDI R30 , HIGH ( 2 )
00022f 071e     +CPC R17 , R30
                 	__CPWRN 16,17,2
000230 f098      	BRLO _0x2020013
000231 01f8      	MOVW R30,R16
000232 9731      	SBIW R30,1
000233 018f      	MOVW R16,R30
                +
000234 81aa     +LDD R26 , Y + 2
000235 81bb     +LDD R27 , Y + 2 + 1
000236 9614     +ADIW R26 , 4
000237 93ed     +ST X + , R30
000238 93fc     +ST X , R31
                 	__PUTW1SNS 2,4
                 _0x2020012:
000239 81aa      	LDD  R26,Y+2
00023a 81bb      	LDD  R27,Y+2+1
00023b 9612      	ADIW R26,2
00023c 91ed      	LD   R30,X+
00023d 91fd      	LD   R31,X+
00023e 9631      	ADIW R30,1
00023f 93fe      	ST   -X,R31
000240 93ee      	ST   -X,R30
000241 9731      	SBIW R30,1
000242 81ac      	LDD  R26,Y+4
000243 83a0      	STD  Z+0,R26
                 _0x2020013:
000244 81aa      	LDD  R26,Y+2
000245 81bb      	LDD  R27,Y+2+1
000246 940e 042c 	CALL __GETW1P
000248 23ff      	TST  R31
000249 f02a      	BRMI _0x2020014
00024a 91ed      	LD   R30,X+
00024b 91fd      	LD   R31,X+
00024c 9631      	ADIW R30,1
00024d 93fe      	ST   -X,R31
00024e 93ee      	ST   -X,R30
                 _0x2020014:
00024f c006      	RJMP _0x2020015
                 _0x2020010:
000250 81aa      	LDD  R26,Y+2
000251 81bb      	LDD  R27,Y+2+1
000252 efef      	LDI  R30,LOW(65535)
000253 efff      	LDI  R31,HIGH(65535)
000254 93ed      	ST   X+,R30
000255 93fc      	ST   X,R31
                 _0x2020015:
000256 8119      	LDD  R17,Y+1
000257 8108      	LDD  R16,Y+0
000258 9625      	ADIW R28,5
000259 9508      	RET
                 ; .FEND
                 __print_G101:
                 ; .FSTART __print_G101
00025a 93ba      	ST   -Y,R27
00025b 93aa      	ST   -Y,R26
00025c 9726      	SBIW R28,6
00025d 940e 0439 	CALL __SAVELOCR6
00025f e010      	LDI  R17,0
000260 85ac      	LDD  R26,Y+12
000261 85bd      	LDD  R27,Y+12+1
000262 e0e0      	LDI  R30,LOW(0)
000263 e0f0      	LDI  R31,HIGH(0)
000264 93ed      	ST   X+,R30
000265 93fc      	ST   X,R31
                 _0x2020016:
000266 89ea      	LDD  R30,Y+18
000267 89fb      	LDD  R31,Y+18+1
000268 9631      	ADIW R30,1
000269 8bea      	STD  Y+18,R30
00026a 8bfb      	STD  Y+18+1,R31
00026b 9731      	SBIW R30,1
00026c 91e4      	LPM  R30,Z
00026d 2f2e      	MOV  R18,R30
00026e 30e0      	CPI  R30,0
00026f f409      	BRNE PC+2
000270 c115      	RJMP _0x2020018
000271 2fe1      	MOV  R30,R17
000272 30e0      	CPI  R30,0
000273 f439      	BRNE _0x202001C
000274 3225      	CPI  R18,37
000275 f411      	BRNE _0x202001D
000276 e011      	LDI  R17,LOW(1)
000277 c002      	RJMP _0x202001E
                 _0x202001D:
000278 940e 03e9 	CALL SUBOPT_0x3
                 _0x202001E:
00027a c10a      	RJMP _0x202001B
                 _0x202001C:
00027b 30e1      	CPI  R30,LOW(0x1)
00027c f4a9      	BRNE _0x202001F
00027d 3225      	CPI  R18,37
00027e f419      	BRNE _0x2020020
00027f 940e 03e9 	CALL SUBOPT_0x3
000281 c102      	RJMP _0x20200CC
                 _0x2020020:
000282 e012      	LDI  R17,LOW(2)
000283 e040      	LDI  R20,LOW(0)
000284 e000      	LDI  R16,LOW(0)
000285 322d      	CPI  R18,45
000286 f411      	BRNE _0x2020021
000287 e001      	LDI  R16,LOW(1)
000288 c0fc      	RJMP _0x202001B
                 _0x2020021:
000289 322b      	CPI  R18,43
00028a f411      	BRNE _0x2020022
00028b e24b      	LDI  R20,LOW(43)
00028c c0f8      	RJMP _0x202001B
                 _0x2020022:
00028d 3220      	CPI  R18,32
00028e f411      	BRNE _0x2020023
00028f e240      	LDI  R20,LOW(32)
000290 c0f4      	RJMP _0x202001B
                 _0x2020023:
000291 c002      	RJMP _0x2020024
                 _0x202001F:
000292 30e2      	CPI  R30,LOW(0x2)
000293 f439      	BRNE _0x2020025
                 _0x2020024:
000294 e050      	LDI  R21,LOW(0)
000295 e013      	LDI  R17,LOW(3)
000296 3320      	CPI  R18,48
000297 f411      	BRNE _0x2020026
000298 6800      	ORI  R16,LOW(128)
000299 c0eb      	RJMP _0x202001B
                 _0x2020026:
00029a c003      	RJMP _0x2020027
                 _0x2020025:
00029b 30e3      	CPI  R30,LOW(0x3)
00029c f009      	BREQ PC+2
00029d c0e7      	RJMP _0x202001B
                 _0x2020027:
00029e 3320      	CPI  R18,48
00029f f010      	BRLO _0x202002A
0002a0 332a      	CPI  R18,58
0002a1 f008      	BRLO _0x202002B
                 _0x202002A:
0002a2 c007      	RJMP _0x2020029
                 _0x202002B:
0002a3 e0aa      	LDI  R26,LOW(10)
0002a4 9f5a      	MUL  R21,R26
0002a5 2d50      	MOV  R21,R0
0002a6 2fe2      	MOV  R30,R18
0002a7 53e0      	SUBI R30,LOW(48)
0002a8 0f5e      	ADD  R21,R30
0002a9 c0db      	RJMP _0x202001B
                 _0x2020029:
0002aa 2fe2      	MOV  R30,R18
0002ab 36e3      	CPI  R30,LOW(0x63)
0002ac f449      	BRNE _0x202002F
0002ad 940e 03f0 	CALL SUBOPT_0x4
0002af 89e8      	LDD  R30,Y+16
0002b0 89f9      	LDD  R31,Y+16+1
0002b1 81a4      	LDD  R26,Z+4
0002b2 93aa      	ST   -Y,R26
0002b3 940e 03f6 	CALL SUBOPT_0x5
0002b5 c0ce      	RJMP _0x2020030
                 _0x202002F:
0002b6 37e3      	CPI  R30,LOW(0x73)
0002b7 f441      	BRNE _0x2020032
0002b8 940e 03f0 	CALL SUBOPT_0x4
0002ba 940e 03fc 	CALL SUBOPT_0x6
0002bc 940e 03c2 	CALL _strlen
0002be 2f1e      	MOV  R17,R30
0002bf c00a      	RJMP _0x2020033
                 _0x2020032:
0002c0 37e0      	CPI  R30,LOW(0x70)
0002c1 f461      	BRNE _0x2020035
0002c2 940e 03f0 	CALL SUBOPT_0x4
0002c4 940e 03fc 	CALL SUBOPT_0x6
0002c6 940e 03ce 	CALL _strlenf
0002c8 2f1e      	MOV  R17,R30
0002c9 6008      	ORI  R16,LOW(8)
                 _0x2020033:
0002ca 6002      	ORI  R16,LOW(2)
0002cb 770f      	ANDI R16,LOW(127)
0002cc e030      	LDI  R19,LOW(0)
0002cd c034      	RJMP _0x2020036
                 _0x2020035:
0002ce 36e4      	CPI  R30,LOW(0x64)
0002cf f011      	BREQ _0x2020039
0002d0 36e9      	CPI  R30,LOW(0x69)
0002d1 f411      	BRNE _0x202003A
                 _0x2020039:
0002d2 6004      	ORI  R16,LOW(4)
0002d3 c002      	RJMP _0x202003B
                 _0x202003A:
0002d4 37e5      	CPI  R30,LOW(0x75)
0002d5 f431      	BRNE _0x202003C
                 _0x202003B:
0002d6 e5e4      	LDI  R30,LOW(_tbl10_G101*2)
0002d7 e0f0      	LDI  R31,HIGH(_tbl10_G101*2)
0002d8 83ee      	STD  Y+6,R30
0002d9 83ff      	STD  Y+6+1,R31
0002da e015      	LDI  R17,LOW(5)
0002db c00c      	RJMP _0x202003D
                 _0x202003C:
0002dc 35e8      	CPI  R30,LOW(0x58)
0002dd f411      	BRNE _0x202003F
0002de 6008      	ORI  R16,LOW(8)
0002df c003      	RJMP _0x2020040
                 _0x202003F:
0002e0 37e8      	CPI  R30,LOW(0x78)
0002e1 f009      	BREQ PC+2
0002e2 c0a1      	RJMP _0x2020071
                 _0x2020040:
0002e3 e5ee      	LDI  R30,LOW(_tbl16_G101*2)
0002e4 e0f0      	LDI  R31,HIGH(_tbl16_G101*2)
0002e5 83ee      	STD  Y+6,R30
0002e6 83ff      	STD  Y+6+1,R31
0002e7 e014      	LDI  R17,LOW(4)
                 _0x202003D:
0002e8 ff02      	SBRS R16,2
0002e9 c014      	RJMP _0x2020042
0002ea 940e 03f0 	CALL SUBOPT_0x4
0002ec 940e 0406 	CALL SUBOPT_0x7
0002ee 85ab      	LDD  R26,Y+11
0002ef 23aa      	TST  R26
0002f0 f43a      	BRPL _0x2020043
0002f1 85ea      	LDD  R30,Y+10
0002f2 85fb      	LDD  R31,Y+10+1
0002f3 940e 0423 	CALL __ANEGW1
0002f5 87ea      	STD  Y+10,R30
0002f6 87fb      	STD  Y+10+1,R31
0002f7 e24d      	LDI  R20,LOW(45)
                 _0x2020043:
0002f8 3040      	CPI  R20,0
0002f9 f011      	BREQ _0x2020044
0002fa 5f1f      	SUBI R17,-LOW(1)
0002fb c001      	RJMP _0x2020045
                 _0x2020044:
0002fc 7f0b      	ANDI R16,LOW(251)
                 _0x2020045:
0002fd c004      	RJMP _0x2020046
                 _0x2020042:
0002fe 940e 03f0 	CALL SUBOPT_0x4
000300 940e 0406 	CALL SUBOPT_0x7
                 _0x2020046:
                 _0x2020036:
000302 fd00      	SBRC R16,0
000303 c011      	RJMP _0x2020047
                 _0x2020048:
000304 1715      	CP   R17,R21
000305 f478      	BRSH _0x202004A
000306 ff07      	SBRS R16,7
000307 c008      	RJMP _0x202004B
000308 ff02      	SBRS R16,2
000309 c004      	RJMP _0x202004C
00030a 7f0b      	ANDI R16,LOW(251)
00030b 2f24      	MOV  R18,R20
00030c 5011      	SUBI R17,LOW(1)
00030d c001      	RJMP _0x202004D
                 _0x202004C:
00030e e320      	LDI  R18,LOW(48)
                 _0x202004D:
00030f c001      	RJMP _0x202004E
                 _0x202004B:
000310 e220      	LDI  R18,LOW(32)
                 _0x202004E:
000311 940e 03e9 	CALL SUBOPT_0x3
000313 5051      	SUBI R21,LOW(1)
000314 cfef      	RJMP _0x2020048
                 _0x202004A:
                 _0x2020047:
000315 2f31      	MOV  R19,R17
000316 ff01      	SBRS R16,1
000317 c017      	RJMP _0x202004F
                 _0x2020050:
000318 3030      	CPI  R19,0
000319 f0a1      	BREQ _0x2020052
00031a ff03      	SBRS R16,3
00031b c006      	RJMP _0x2020053
00031c 81ee      	LDD  R30,Y+6
00031d 81ff      	LDD  R31,Y+6+1
00031e 9125      	LPM  R18,Z+
00031f 83ee      	STD  Y+6,R30
000320 83ff      	STD  Y+6+1,R31
000321 c005      	RJMP _0x2020054
                 _0x2020053:
000322 81ae      	LDD  R26,Y+6
000323 81bf      	LDD  R27,Y+6+1
000324 912d      	LD   R18,X+
000325 83ae      	STD  Y+6,R26
000326 83bf      	STD  Y+6+1,R27
                 _0x2020054:
000327 940e 03e9 	CALL SUBOPT_0x3
000329 3050      	CPI  R21,0
00032a f009      	BREQ _0x2020055
00032b 5051      	SUBI R21,LOW(1)
                 _0x2020055:
00032c 5031      	SUBI R19,LOW(1)
00032d cfea      	RJMP _0x2020050
                 _0x2020052:
00032e c04b      	RJMP _0x2020056
                 _0x202004F:
                 _0x2020058:
00032f e320      	LDI  R18,LOW(48)
000330 81ee      	LDD  R30,Y+6
000331 81ff      	LDD  R31,Y+6+1
000332 940e 0430 	CALL __GETW1PF
000334 87e8      	STD  Y+8,R30
000335 87f9      	STD  Y+8+1,R31
000336 81ee      	LDD  R30,Y+6
000337 81ff      	LDD  R31,Y+6+1
000338 9632      	ADIW R30,2
000339 83ee      	STD  Y+6,R30
00033a 83ff      	STD  Y+6+1,R31
                 _0x202005A:
00033b 85e8      	LDD  R30,Y+8
00033c 85f9      	LDD  R31,Y+8+1
00033d 85aa      	LDD  R26,Y+10
00033e 85bb      	LDD  R27,Y+10+1
00033f 17ae      	CP   R26,R30
000340 07bf      	CPC  R27,R31
000341 f050      	BRLO _0x202005C
000342 5f2f      	SUBI R18,-LOW(1)
000343 85a8      	LDD  R26,Y+8
000344 85b9      	LDD  R27,Y+8+1
000345 85ea      	LDD  R30,Y+10
000346 85fb      	LDD  R31,Y+10+1
000347 1bea      	SUB  R30,R26
000348 0bfb      	SBC  R31,R27
000349 87ea      	STD  Y+10,R30
00034a 87fb      	STD  Y+10+1,R31
00034b cfef      	RJMP _0x202005A
                 _0x202005C:
00034c 332a      	CPI  R18,58
00034d f028      	BRLO _0x202005D
00034e ff03      	SBRS R16,3
00034f c002      	RJMP _0x202005E
000350 5f29      	SUBI R18,-LOW(7)
000351 c001      	RJMP _0x202005F
                 _0x202005E:
000352 5d29      	SUBI R18,-LOW(39)
                 _0x202005F:
                 _0x202005D:
000353 fd04      	SBRC R16,4
000354 c01a      	RJMP _0x2020061
000355 3321      	CPI  R18,49
000356 f420      	BRSH _0x2020063
000357 85a8      	LDD  R26,Y+8
000358 85b9      	LDD  R27,Y+8+1
000359 9711      	SBIW R26,1
00035a f409      	BRNE _0x2020062
                 _0x2020063:
00035b c009      	RJMP _0x20200CD
                 _0x2020062:
00035c 1753      	CP   R21,R19
00035d f010      	BRLO _0x2020067
00035e ff00      	SBRS R16,0
00035f c001      	RJMP _0x2020068
                 _0x2020067:
000360 c013      	RJMP _0x2020066
                 _0x2020068:
000361 e220      	LDI  R18,LOW(32)
000362 ff07      	SBRS R16,7
000363 c00b      	RJMP _0x2020069
000364 e320      	LDI  R18,LOW(48)
                 _0x20200CD:
000365 6100      	ORI  R16,LOW(16)
000366 ff02      	SBRS R16,2
000367 c007      	RJMP _0x202006A
000368 7f0b      	ANDI R16,LOW(251)
000369 934a      	ST   -Y,R20
00036a 940e 03f6 	CALL SUBOPT_0x5
00036c 3050      	CPI  R21,0
00036d f009      	BREQ _0x202006B
00036e 5051      	SUBI R21,LOW(1)
                 _0x202006B:
                 _0x202006A:
                 _0x2020069:
                 _0x2020061:
00036f 940e 03e9 	CALL SUBOPT_0x3
000371 3050      	CPI  R21,0
000372 f009      	BREQ _0x202006C
000373 5051      	SUBI R21,LOW(1)
                 _0x202006C:
                 _0x2020066:
000374 5031      	SUBI R19,LOW(1)
000375 85a8      	LDD  R26,Y+8
000376 85b9      	LDD  R27,Y+8+1
000377 9712      	SBIW R26,2
000378 f008      	BRLO _0x2020059
000379 cfb5      	RJMP _0x2020058
                 _0x2020059:
                 _0x2020056:
00037a ff00      	SBRS R16,0
00037b c008      	RJMP _0x202006D
                 _0x202006E:
00037c 3050      	CPI  R21,0
00037d f031      	BREQ _0x2020070
00037e 5051      	SUBI R21,LOW(1)
00037f e2e0      	LDI  R30,LOW(32)
000380 93ea      	ST   -Y,R30
000381 940e 03f6 	CALL SUBOPT_0x5
000383 cff8      	RJMP _0x202006E
                 _0x2020070:
                 _0x202006D:
                 _0x2020071:
                 _0x2020030:
                 _0x20200CC:
000384 e010      	LDI  R17,LOW(0)
                 _0x202001B:
000385 cee0      	RJMP _0x2020016
                 _0x2020018:
000386 85ac      	LDD  R26,Y+12
000387 85bd      	LDD  R27,Y+12+1
000388 940e 042c 	CALL __GETW1P
00038a 940e 0440 	CALL __LOADLOCR6
00038c 9664      	ADIW R28,20
00038d 9508      	RET
                 ; .FEND
                 _sprintf:
                 ; .FSTART _sprintf
00038e 92ff      	PUSH R15
00038f 2ef8      	MOV  R15,R24
000390 9726      	SBIW R28,6
000391 940e 043b 	CALL __SAVELOCR4
000393 940e 040e 	CALL SUBOPT_0x8
000395 9730      	SBIW R30,0
000396 f419      	BRNE _0x2020072
000397 efef      	LDI  R30,LOW(65535)
000398 efff      	LDI  R31,HIGH(65535)
000399 c023      	RJMP _0x2080001
                 _0x2020072:
00039a 01de      	MOVW R26,R28
00039b 9616      	ADIW R26,6
00039c 940e 041f 	CALL __ADDW2R15
00039e 018d      	MOVW R16,R26
00039f 940e 040e 	CALL SUBOPT_0x8
0003a1 83ee      	STD  Y+6,R30
0003a2 83ff      	STD  Y+6+1,R31
0003a3 e0e0      	LDI  R30,LOW(0)
0003a4 87e8      	STD  Y+8,R30
0003a5 87e9      	STD  Y+8+1,R30
0003a6 01de      	MOVW R26,R28
0003a7 961a      	ADIW R26,10
0003a8 940e 041f 	CALL __ADDW2R15
0003aa 940e 042c 	CALL __GETW1P
0003ac 93fa      	ST   -Y,R31
0003ad 93ea      	ST   -Y,R30
0003ae 931a      	ST   -Y,R17
0003af 930a      	ST   -Y,R16
0003b0 e1ea      	LDI  R30,LOW(_put_buff_G101)
0003b1 e0f2      	LDI  R31,HIGH(_put_buff_G101)
0003b2 93fa      	ST   -Y,R31
0003b3 93ea      	ST   -Y,R30
0003b4 01de      	MOVW R26,R28
0003b5 961a      	ADIW R26,10
0003b6 dea3      	RCALL __print_G101
0003b7 019f      	MOVW R18,R30
0003b8 81ae      	LDD  R26,Y+6
0003b9 81bf      	LDD  R27,Y+6+1
0003ba e0e0      	LDI  R30,LOW(0)
0003bb 93ec      	ST   X,R30
0003bc 01f9      	MOVW R30,R18
                 _0x2080001:
0003bd 940e 0442 	CALL __LOADLOCR4
0003bf 962a      	ADIW R28,10
0003c0 90ff      	POP  R15
0003c1 9508      	RET
                 ; .FEND
                 
                 	.CSEG
                 
                 	.CSEG
                 _strlen:
                 ; .FSTART _strlen
0003c2 93ba      	ST   -Y,R27
0003c3 93aa      	ST   -Y,R26
0003c4 91a9          ld   r26,y+
0003c5 91b9          ld   r27,y+
0003c6 27ee          clr  r30
0003c7 27ff          clr  r31
                 strlen0:
0003c8 916d          ld   r22,x+
0003c9 2366          tst  r22
0003ca f011          breq strlen1
0003cb 9631          adiw r30,1
0003cc cffb          rjmp strlen0
                 strlen1:
0003cd 9508          ret
                 ; .FEND
                 _strlenf:
                 ; .FSTART _strlenf
0003ce 93ba      	ST   -Y,R27
0003cf 93aa      	ST   -Y,R26
0003d0 27aa          clr  r26
0003d1 27bb          clr  r27
0003d2 91e9          ld   r30,y+
0003d3 91f9          ld   r31,y+
                 strlenf0:
0003d4 9005      	lpm  r0,z+
0003d5 2000          tst  r0
0003d6 f011          breq strlenf1
0003d7 9611          adiw r26,1
0003d8 cffb          rjmp strlenf0
                 strlenf1:
0003d9 01fd          movw r30,r26
0003da 9508          ret
                 ; .FEND
                 
                 	.DSEG
                 _tmp3:
000160           	.BYTE 0x2
                 _tmp4:
000162           	.BYTE 0x2
                 _state:
000164           	.BYTE 0x2
                 _color:
000166           	.BYTE 0x8
                 _buffer:
00016e           	.BYTE 0x4
                 __base_y_G100:
000172           	.BYTE 0x4
                 __lcd_x:
000176           	.BYTE 0x1
                 __lcd_y:
000177           	.BYTE 0x1
                 __lcd_maxx:
000178           	.BYTE 0x1
                 
                 	.CSEG
                 ;OPTIMIZER ADDED SUBROUTINE, CALLED 4 TIMES, CODE SIZE REDUCTION:3 WORDS
                 SUBOPT_0x0:
0003db 940e 0427 	CALL __CWD1
0003dd 940e 0434 	CALL __PUTPARD1
0003df 9508      	RET
                 
                 ;OPTIMIZER ADDED SUBROUTINE, CALLED 3 TIMES, CODE SIZE REDUCTION:3 WORDS
                 SUBOPT_0x1:
0003e0 940e 01d5 	CALL __long_delay_G100
0003e2 e3a0      	LDI  R26,LOW(48)
0003e3 940c 01da 	JMP  __lcd_init_write_G100
                 
                 ;OPTIMIZER ADDED SUBROUTINE, CALLED 3 TIMES, CODE SIZE REDUCTION:1 WORDS
                 SUBOPT_0x2:
0003e5 940e 0153 	CALL __lcd_write_data
0003e7 940c 01d5 	JMP  __long_delay_G100
                 
                 ;OPTIMIZER ADDED SUBROUTINE, CALLED 5 TIMES, CODE SIZE REDUCTION:13 WORDS
                 SUBOPT_0x3:
0003e9 932a      	ST   -Y,R18
0003ea 85ad      	LDD  R26,Y+13
0003eb 85be      	LDD  R27,Y+13+1
0003ec 85ef      	LDD  R30,Y+15
0003ed 89f8      	LDD  R31,Y+15+1
0003ee 9509      	ICALL
0003ef 9508      	RET
                 
                 ;OPTIMIZER ADDED SUBROUTINE, CALLED 5 TIMES, CODE SIZE REDUCTION:9 WORDS
                 SUBOPT_0x4:
0003f0 89e8      	LDD  R30,Y+16
0003f1 89f9      	LDD  R31,Y+16+1
0003f2 9734      	SBIW R30,4
0003f3 8be8      	STD  Y+16,R30
0003f4 8bf9      	STD  Y+16+1,R31
0003f5 9508      	RET
                 
                 ;OPTIMIZER ADDED SUBROUTINE, CALLED 3 TIMES, CODE SIZE REDUCTION:3 WORDS
                 SUBOPT_0x5:
0003f6 85ad      	LDD  R26,Y+13
0003f7 85be      	LDD  R27,Y+13+1
0003f8 85ef      	LDD  R30,Y+15
0003f9 89f8      	LDD  R31,Y+15+1
0003fa 9509      	ICALL
0003fb 9508      	RET
                 
                 ;OPTIMIZER ADDED SUBROUTINE, CALLED 2 TIMES, CODE SIZE REDUCTION:4 WORDS
                 SUBOPT_0x6:
0003fc 89a8      	LDD  R26,Y+16
0003fd 89b9      	LDD  R27,Y+16+1
0003fe 9614      	ADIW R26,4
0003ff 940e 042c 	CALL __GETW1P
000401 83ee      	STD  Y+6,R30
000402 83ff      	STD  Y+6+1,R31
000403 81ae      	LDD  R26,Y+6
000404 81bf      	LDD  R27,Y+6+1
000405 9508      	RET
                 
                 ;OPTIMIZER ADDED SUBROUTINE, CALLED 2 TIMES, CODE SIZE REDUCTION:2 WORDS
                 SUBOPT_0x7:
000406 89a8      	LDD  R26,Y+16
000407 89b9      	LDD  R27,Y+16+1
000408 9614      	ADIW R26,4
000409 940e 042c 	CALL __GETW1P
00040b 87ea      	STD  Y+10,R30
00040c 87fb      	STD  Y+10+1,R31
00040d 9508      	RET
                 
                 ;OPTIMIZER ADDED SUBROUTINE, CALLED 2 TIMES, CODE SIZE REDUCTION:1 WORDS
                 SUBOPT_0x8:
00040e 01de      	MOVW R26,R28
00040f 961c      	ADIW R26,12
000410 940e 041f 	CALL __ADDW2R15
000412 940e 042c 	CALL __GETW1P
000414 9508      	RET
                 
                 
                 	.CSEG
                 _delay_ms:
000415 9610      	adiw r26,0
000416 f039      	breq __delay_ms1
                 __delay_ms0:
                +
000417 ef8a     +LDI R24 , LOW ( 0xFA )
000418 e090     +LDI R25 , HIGH ( 0xFA )
                +__DELAY_USW_LOOP :
000419 9701     +SBIW R24 , 1
00041a f7f1     +BRNE __DELAY_USW_LOOP
                 	__DELAY_USW 0xFA
00041b 95a8      	wdr
00041c 9711      	sbiw r26,1
00041d f7c9      	brne __delay_ms0
                 __delay_ms1:
00041e 9508      	ret
                 
                 __ADDW2R15:
00041f 2400      	CLR  R0
000420 0daf      	ADD  R26,R15
000421 1db0      	ADC  R27,R0
000422 9508      	RET
                 
                 __ANEGW1:
000423 95f1      	NEG  R31
000424 95e1      	NEG  R30
000425 40f0      	SBCI R31,0
000426 9508      	RET
                 
                 __CWD1:
000427 2f6f      	MOV  R22,R31
000428 0f66      	ADD  R22,R22
000429 0b66      	SBC  R22,R22
00042a 2f76      	MOV  R23,R22
00042b 9508      	RET
                 
                 __GETW1P:
00042c 91ed      	LD   R30,X+
00042d 91fc      	LD   R31,X
00042e 9711      	SBIW R26,1
00042f 9508      	RET
                 
                 __GETW1PF:
000430 9005      	LPM  R0,Z+
000431 91f4      	LPM  R31,Z
000432 2de0      	MOV  R30,R0
000433 9508      	RET
                 
                 __PUTPARD1:
000434 937a      	ST   -Y,R23
000435 936a      	ST   -Y,R22
000436 93fa      	ST   -Y,R31
000437 93ea      	ST   -Y,R30
000438 9508      	RET
                 
                 __SAVELOCR6:
000439 935a      	ST   -Y,R21
                 __SAVELOCR5:
00043a 934a      	ST   -Y,R20
                 __SAVELOCR4:
00043b 933a      	ST   -Y,R19
                 __SAVELOCR3:
00043c 932a      	ST   -Y,R18
                 __SAVELOCR2:
00043d 931a      	ST   -Y,R17
00043e 930a      	ST   -Y,R16
00043f 9508      	RET
                 
                 __LOADLOCR6:
000440 815d      	LDD  R21,Y+5
                 __LOADLOCR5:
000441 814c      	LDD  R20,Y+4
                 __LOADLOCR4:
000442 813b      	LDD  R19,Y+3
                 __LOADLOCR3:
000443 812a      	LDD  R18,Y+2
                 __LOADLOCR2:
000444 8119      	LDD  R17,Y+1
000445 8108      	LD   R16,Y
000446 9508      	RET
                 
                 ;END OF CODE MARKER
                 __END_OF_CODE:


RESOURCE USE INFORMATION
------------------------

Notice:
The register and instruction counts are symbol table hit counts,
and hence implicitly used resources are not counted, eg, the
'lpm' instruction without operands implicitly uses r0 and z,
none of which are counted.

x,y,z are separate entities in the symbol table and are
counted separately from r26..r31 here.

.dseg memory usage only counts static data declared with .byte

ATmega16A register use summary:
r0 :  11 r1 :   1 r2 :   0 r3 :   0 r4 :   5 r5 :   4 r6 :   2 r7 :   2 
r8 :   1 r9 :   0 r10:   2 r11:   1 r12:   2 r13:   0 r14:   0 r15:   4 
r16:  34 r17:  24 r18:  29 r19:   8 r20:   9 r21:  17 r22:  11 r23:   2 
r24:  11 r25:   3 r26: 120 r27:  46 r28:  14 r29:   1 r30: 238 r31:  82 
x  :  23 y  : 171 z  :  21 
Registers used: 30 out of 35 (85.7%)

ATmega16A instruction use summary:
.lds  :   0 .lds.l:   0 .sts  :   0 .sts.l:   0 adc   :   1 add   :   4 
adiw  :  24 and   :   0 andi  :  10 asr   :   0 bclr  :   0 bld   :   0 
brbc  :   0 brbs  :   0 brcc  :   0 brcs  :   0 break :   0 breq  :  18 
brge  :   0 brhc  :   0 brhs  :   0 brid  :   0 brie  :   0 brlo  :   8 
brlt  :   0 brmi  :   1 brne  :  26 brpl  :   1 brsh  :   2 brtc  :   0 
brts  :   1 brvc  :   0 brvs  :   0 bset  :   0 bst   :   0 call  :  76 
cbi   :  16 cbr   :   0 clc   :   0 clh   :   0 cli   :   1 cln   :   0 
clr   :  10 cls   :   0 clt   :   1 clv   :   0 clz   :   0 com   :   0 
cp    :   4 cpc   :   2 cpi   :  33 cpse  :   0 dec   :   2 des   :   0 
eor   :   0 fmul  :   0 fmuls :   0 fmulsu:   0 icall :   2 ijmp  :   0 
in    :  13 inc   :   0 jmp   :  26 ld    :  29 ldd   :  75 ldi   :  99 
lds   :  17 lpm   :  14 lsl   :   0 lsr   :   0 mov   :  18 movw  :  19 
mul   :   1 muls  :   0 mulsu :   0 neg   :   2 nop   :   0 or    :   6 
ori   :   8 out   :  48 pop   :   3 push  :   3 rcall :  15 ret   :  31 
reti  :   1 rjmp  :  59 rol   :   0 ror   :   0 sbc   :   3 sbci  :   2 
sbi   :  13 sbic  :   0 sbis  :   0 sbiw  :  19 sbr   :   0 sbrc  :   3 
sbrs  :  10 sec   :   0 seh   :   0 sei   :   1 sen   :   0 ser   :   0 
ses   :   0 set   :   1 sev   :   0 sez   :   0 sleep :   0 spm   :   0 
st    :  65 std   :  34 sts   :  19 sub   :   2 subi  :  18 swap  :   2 
tst   :   4 wdr   :   1 
Instructions used: 57 out of 116 (49.1%)

ATmega16A memory use summary [bytes]:
Segment   Begin    End      Code   Data   Used    Size   Use%
---------------------------------------------------------------
[.cseg] 0x000000 0x00088e   2126     64   2190   16384  13.4%
[.dseg] 0x000060 0x000179      0     25     25    1024   2.4%
[.eseg] 0x000000 0x000000      0      0      0     512   0.0%

Assembly complete, 0 errors, 10 warnings
